"../../../Engine/Content/EditorResources/S_Actor.ubulk" 0
"../../../Engine/Content/EditorResources/S_Actor.uasset" 1
"../../../Engine/Content/EditorResources/S_Actor.uexp" 2
"../../../Engine/Content/EditorResources/S_BoxReflectionCapture.uasset" 3
"../../../Engine/Content/EditorResources/S_BoxReflectionCapture.uexp" 4
"../../../Engine/Content/EngineResources/DefaultTexture.ubulk" 5
"../../../Engine/Content/EngineResources/DefaultTexture.uasset" 6
"../../../Engine/Content/EngineResources/DefaultTexture.uexp" 7
"../../../Engine/Content/EngineResources/DefaultTextureCube.uasset" 8
"../../../Engine/Content/EngineResources/DefaultTextureCube.uexp" 9
"../../../Engine/Content/EngineResources/DefaultVolumeTexture2D.uasset" 10
"../../../Engine/Content/EngineResources/DefaultVolumeTexture2D.uexp" 11
"../../../Engine/Content/EngineResources/DefaultVolumeTexture.uasset" 12
"../../../Engine/Content/EngineResources/DefaultVolumeTexture.uexp" 13
"../../../Engine/Content/EditorResources/S_Trigger.ubulk" 14
"../../../Engine/Content/EditorResources/S_Trigger.uasset" 15
"../../../Engine/Content/EditorResources/S_Trigger.uexp" 16
"../../../Engine/Content/EditorResources/S_TriggerBox.uasset" 17
"../../../Engine/Content/EditorResources/S_TriggerBox.uexp" 18
"../../../Engine/Content/EditorResources/S_TriggerCapsule.uasset" 19
"../../../Engine/Content/EditorResources/S_TriggerCapsule.uexp" 20
"../../../Engine/Content/EditorResources/S_TriggerSphere.uasset" 21
"../../../Engine/Content/EditorResources/S_TriggerSphere.uexp" 22
"../../../Engine/Content/EngineMeshes/Sphere.ubulk" 23
"../../../Engine/Content/EngineMeshes/Sphere.uasset" 24
"../../../Engine/Content/EngineMeshes/Sphere.uexp" 25
"../../../Engine/Content/EngineResources/GradientTexture0.uasset" 26
"../../../Engine/Content/EngineResources/GradientTexture0.uexp" 27
"../../../Engine/Content/EngineResources/Black.uasset" 28
"../../../Engine/Content/EngineResources/Black.uexp" 29
"../../../Engine/Content/VREditor/LaserPointer/VR_LaserPower_01.ubulk" 30
"../../../Engine/Content/VREditor/LaserPointer/VR_LaserPower_01.uasset" 31
"../../../Engine/Content/VREditor/LaserPointer/VR_LaserPower_01.uexp" 32
"../../../Engine/Content/VREditor/TransformGizmo/TransformGizmoMaterial.uasset" 33
"../../../Engine/Content/VREditor/TransformGizmo/TransformGizmoMaterial.uexp" 34
"../../../Engine/Content/VREditor/TransformGizmo/TranslucentTransformGizmoMaterial.uasset" 35
"../../../Engine/Content/VREditor/TransformGizmo/TranslucentTransformGizmoMaterial.uexp" 36
"../../../Engine/Content/VREditor/TransformGizmo/PlaneTranslationHandle.ubulk" 37
"../../../Engine/Content/VREditor/TransformGizmo/PlaneTranslationHandle.uasset" 38
"../../../Engine/Content/VREditor/TransformGizmo/PlaneTranslationHandle.uexp" 39
"../../../Engine/Content/VREditor/TransformGizmo/BoundingBoxCorner.ubulk" 40
"../../../Engine/Content/VREditor/TransformGizmo/BoundingBoxCorner.uasset" 41
"../../../Engine/Content/VREditor/TransformGizmo/BoundingBoxCorner.uexp" 42
"../../../Engine/Content/VREditor/TransformGizmo/BoundingBoxEdge.ubulk" 43
"../../../Engine/Content/VREditor/TransformGizmo/BoundingBoxEdge.uasset" 44
"../../../Engine/Content/VREditor/TransformGizmo/BoundingBoxEdge.uexp" 45
"../../../Engine/Content/VREditor/TransformGizmo/Main.uasset" 46
"../../../Engine/Content/VREditor/TransformGizmo/Main.uexp" 47
"../../../Engine/Content/VREditor/TransformGizmo/Xray.uasset" 48
"../../../Engine/Content/VREditor/TransformGizmo/Xray.uexp" 49
"../../../Engine/Content/VREditor/TransformGizmo/SM_Sequencer_Node.ubulk" 50
"../../../Engine/Content/VREditor/TransformGizmo/SM_Sequencer_Node.uasset" 51
"../../../Engine/Content/VREditor/TransformGizmo/SM_Sequencer_Node.uexp" 52
"../../../Engine/Content/EditorMaterials/Camera/CineMat.uasset" 53
"../../../Engine/Content/EditorMaterials/Camera/CineMat.uexp" 54
"../../../Engine/Content/EditorMaterials/Camera/MI_CineMat_Rig.uasset" 55
"../../../Engine/Content/EditorMaterials/Camera/MI_CineMat_Rig.uexp" 56
"../../../Engine/Content/EditorMeshes/Camera/SM_CraneRig_Base.ubulk" 57
"../../../Engine/Content/EditorMeshes/Camera/SM_CraneRig_Base.uasset" 58
"../../../Engine/Content/EditorMeshes/Camera/SM_CraneRig_Base.uexp" 59
"../../../Engine/Content/EditorMeshes/Camera/SM_CraneRig_Arm.ubulk" 60
"../../../Engine/Content/EditorMeshes/Camera/SM_CraneRig_Arm.uasset" 61
"../../../Engine/Content/EditorMeshes/Camera/SM_CraneRig_Arm.uexp" 62
"../../../Engine/Content/EditorMeshes/Camera/SM_CraneRig_Mount.ubulk" 63
"../../../Engine/Content/EditorMeshes/Camera/SM_CraneRig_Mount.uasset" 64
"../../../Engine/Content/EditorMeshes/Camera/SM_CraneRig_Mount.uexp" 65
"../../../Engine/Content/EditorMeshes/Camera/SM_CraneRig_Body.ubulk" 66
"../../../Engine/Content/EditorMeshes/Camera/SM_CraneRig_Body.uasset" 67
"../../../Engine/Content/EditorMeshes/Camera/SM_CraneRig_Body.uexp" 68
"../../../Engine/Content/EditorMeshes/Camera/SM_RailRig_Track.ubulk" 69
"../../../Engine/Content/EditorMeshes/Camera/SM_RailRig_Track.uasset" 70
"../../../Engine/Content/EditorMeshes/Camera/SM_RailRig_Track.uexp" 71
"../../../Engine/Content/EditorMeshes/Camera/SM_RailRig_Mount.ubulk" 72
"../../../Engine/Content/EditorMeshes/Camera/SM_RailRig_Mount.uasset" 73
"../../../Engine/Content/EditorMeshes/Camera/SM_RailRig_Mount.uexp" 74
"../../../Engine/Content/EngineMaterials/T_Default_Material_Grid_M.ubulk" 75
"../../../Engine/Content/EngineMaterials/T_Default_Material_Grid_M.uasset" 76
"../../../Engine/Content/EngineMaterials/T_Default_Material_Grid_M.uexp" 77
"../../../Engine/Content/EngineMaterials/T_Default_Material_Grid_N.ubulk" 78
"../../../Engine/Content/EngineMaterials/T_Default_Material_Grid_N.uasset" 79
"../../../Engine/Content/EngineMaterials/T_Default_Material_Grid_N.uexp" 80
"../../../Engine/Content/Functions/Engine_MaterialFunctions01/Opacity/CameraDepthFade.uasset" 81
"../../../Engine/Content/Functions/Engine_MaterialFunctions01/Opacity/CameraDepthFade.uexp" 82
"../../../Engine/Content/EngineMaterials/WorldGridMaterial.uasset" 83
"../../../Engine/Content/EngineMaterials/WorldGridMaterial.uexp" 84
"../../../Engine/Content/ArtTools/RenderToTexture/Meshes/S_1_Unit_Plane.ubulk" 85
"../../../Engine/Content/ArtTools/RenderToTexture/Meshes/S_1_Unit_Plane.uasset" 86
"../../../Engine/Content/ArtTools/RenderToTexture/Meshes/S_1_Unit_Plane.uexp" 87
"../../../Engine/Content/EditorMaterials/ParticleSystems/PSysThumbnail_NoImage.ubulk" 88
"../../../Engine/Content/EditorMaterials/ParticleSystems/PSysThumbnail_NoImage.uasset" 89
"../../../Engine/Content/EditorMaterials/ParticleSystems/PSysThumbnail_NoImage.uexp" 90
"../../../Engine/Content/EditorMaterials/ParticleSystems/PSysThumbnail_OOD.ubulk" 91
"../../../Engine/Content/EditorMaterials/ParticleSystems/PSysThumbnail_OOD.uasset" 92
"../../../Engine/Content/EditorMaterials/ParticleSystems/PSysThumbnail_OOD.uexp" 93
"../../../Engine/Content/EditorLandscapeResources/SplineEditorMeshMat.uasset" 94
"../../../Engine/Content/EditorLandscapeResources/SplineEditorMeshMat.uexp" 95
"../../../Engine/Content/EditorLandscapeResources/SplineEditorMesh.ubulk" 96
"../../../Engine/Content/EditorLandscapeResources/SplineEditorMesh.uasset" 97
"../../../Engine/Content/EditorLandscapeResources/SplineEditorMesh.uexp" 98
"../../../Engine/Content/EditorResources/S_Solver.ubulk" 99
"../../../Engine/Content/EditorResources/S_Solver.uasset" 100
"../../../Engine/Content/EditorResources/S_Solver.uexp" 101
"../../../Engine/Plugins/Media/MediaPlate/Content/SM_MediaPlateScreen.ubulk" 102
"../../../Engine/Plugins/Media/MediaPlate/Content/SM_MediaPlateScreen.uasset" 103
"../../../Engine/Plugins/Media/MediaPlate/Content/SM_MediaPlateScreen.uexp" 104
"../../../Engine/Content/EngineMaterials/Good64x64TilingNoiseHighFreq.uasset" 105
"../../../Engine/Content/EngineMaterials/Good64x64TilingNoiseHighFreq.uexp" 106
"../../../Engine/Content/EngineMaterials/DefaultBokeh.uasset" 107
"../../../Engine/Content/EngineMaterials/DefaultBokeh.uexp" 108
"../../../Engine/Content/EngineMaterials/PreintegratedSkinBRDF.uasset" 109
"../../../Engine/Content/EngineMaterials/PreintegratedSkinBRDF.uexp" 110
"../../../Engine/Content/EngineMaterials/MiniFont.uasset" 111
"../../../Engine/Content/EngineMaterials/MiniFont.uexp" 112
"../../../Engine/Content/EngineMaterials/WeightMapPlaceholderTexture.uasset" 113
"../../../Engine/Content/EngineMaterials/WeightMapPlaceholderTexture.uexp" 114
"../../../Engine/Content/EngineMaterials/DefaultWhiteGrid.ubulk" 115
"../../../Engine/Content/EngineMaterials/DefaultWhiteGrid.uasset" 116
"../../../Engine/Content/EngineMaterials/DefaultWhiteGrid.uexp" 117
"../../../Engine/Plugins/2D/Paper2D/Content/PlaceholderTextures/DummySpriteTexture.ubulk" 118
"../../../Engine/Plugins/2D/Paper2D/Content/PlaceholderTextures/DummySpriteTexture.uasset" 119
"../../../Engine/Plugins/2D/Paper2D/Content/PlaceholderTextures/DummySpriteTexture.uexp" 120
"../../../Engine/Plugins/2D/Paper2D/Content/DefaultSpriteMaterial.uasset" 121
"../../../Engine/Plugins/2D/Paper2D/Content/DefaultSpriteMaterial.uexp" 122
"../../../Engine/Plugins/2D/Paper2D/Content/OpaqueUnlitSpriteMaterial.uasset" 123
"../../../Engine/Plugins/2D/Paper2D/Content/OpaqueUnlitSpriteMaterial.uexp" 124
"../../../Engine/Plugins/2D/Paper2D/Content/MaskedUnlitSpriteMaterial.uasset" 125
"../../../Engine/Plugins/2D/Paper2D/Content/MaskedUnlitSpriteMaterial.uexp" 126
"../../../Engine/Plugins/2D/Paper2D/Content/DummySprite.uasset" 127
"../../../Engine/Plugins/2D/Paper2D/Content/DummySprite.uexp" 128
"../../../Engine/Plugins/2D/Paper2D/Content/DefaultPaperTerrainMaterial.uasset" 129
"../../../Engine/Plugins/2D/Paper2D/Content/DefaultPaperTerrainMaterial.uexp" 130
"../../../Engine/Content/Functions/Engine_MaterialFunctions02/WorldPositionOffset/CameraOffset.uasset" 131
"../../../Engine/Content/Functions/Engine_MaterialFunctions02/WorldPositionOffset/CameraOffset.uexp" 132
"../../../Engine/Plugins/Animation/ControlRig/Content/M_Manip.uasset" 133
"../../../Engine/Plugins/Animation/ControlRig/Content/M_Manip.uexp" 134
"../../../Engine/Content/EditorMaterials/PreviewShadowIndicator.ubulk" 135
"../../../Engine/Content/EditorMaterials/PreviewShadowIndicator.uasset" 136
"../../../Engine/Content/EditorMaterials/PreviewShadowIndicator.uexp" 137
"../../../Engine/Content/EditorMaterials/PreviewShadowIndicatorMaterial.uasset" 138
"../../../Engine/Content/EditorMaterials/PreviewShadowIndicatorMaterial.uexp" 139
"../../../Engine/Content/EditorMaterials/PhAT_UnselectedMaterial.uasset" 140
"../../../Engine/Content/EditorMaterials/PhAT_UnselectedMaterial.uexp" 141
"../../../Engine/Content/EditorMaterials/PhAT_NoCollisionMaterial.uasset" 142
"../../../Engine/Content/EditorMaterials/PhAT_NoCollisionMaterial.uexp" 143
"../../../Engine/Content/EngineSounds/Master.uasset" 144
"../../../Engine/Content/EngineSounds/Master.uexp" 145
"../../../Engine/Plugins/Editor/SpeedTreeImporter/Content/SpeedTree9/game_wind_noise.ubulk" 146
"../../../Engine/Plugins/Editor/SpeedTreeImporter/Content/SpeedTree9/game_wind_noise.uasset" 147
"../../../Engine/Plugins/Editor/SpeedTreeImporter/Content/SpeedTree9/game_wind_noise.uexp" 148
"../../../Engine/Plugins/Editor/SpeedTreeImporter/Content/SpeedTree9/UnpackDirection.uasset" 149
"../../../Engine/Plugins/Editor/SpeedTreeImporter/Content/SpeedTree9/UnpackDirection.uexp" 150
"../../../Engine/Content/Functions/Engine_MaterialFunctions02/ObjectLocalBounds.uasset" 151
"../../../Engine/Content/Functions/Engine_MaterialFunctions02/ObjectLocalBounds.uexp" 152
"../../../Engine/Content/Functions/Engine_MaterialFunctions02/Utility/BreakOutFloat3Components.uasset" 153
"../../../Engine/Content/Functions/Engine_MaterialFunctions02/Utility/BreakOutFloat3Components.uexp" 154
"../../../Engine/Content/Functions/Engine_MaterialFunctions02/UVs/BoundingBoxBased_0-1_UVW.uasset" 155
"../../../Engine/Content/Functions/Engine_MaterialFunctions02/UVs/BoundingBoxBased_0-1_UVW.uexp" 156
"../../../Engine/Content/Functions/Engine_MaterialFunctions02/Utility/VectorLength.uasset" 157
"../../../Engine/Content/Functions/Engine_MaterialFunctions02/Utility/VectorLength.uexp" 158
"../../../Engine/Plugins/Editor/SpeedTreeImporter/Content/SpeedTree9/UnpackInteger3.uasset" 159
"../../../Engine/Plugins/Editor/SpeedTreeImporter/Content/SpeedTree9/UnpackInteger3.uexp" 160
"../../../Engine/Plugins/Editor/SpeedTreeImporter/Content/SpeedTree9/SpeedTreeCameraFacing.uasset" 161
"../../../Engine/Plugins/Editor/SpeedTreeImporter/Content/SpeedTree9/SpeedTreeCameraFacing.uexp" 162
"../../../Engine/Content/Functions/Engine_MaterialFunctions02/WorldPositionOffset/ObjectScale.uasset" 163
"../../../Engine/Content/Functions/Engine_MaterialFunctions02/WorldPositionOffset/ObjectScale.uexp" 164
"../../../Engine/Content/Functions/Engine_MaterialFunctions02/SafeNormalize.uasset" 165
"../../../Engine/Content/Functions/Engine_MaterialFunctions02/SafeNormalize.uexp" 166
"../../../Engine/Plugins/Editor/SpeedTreeImporter/Content/SpeedTree9/SpeedTreeWindMotion.uasset" 167
"../../../Engine/Plugins/Editor/SpeedTreeImporter/Content/SpeedTree9/SpeedTreeWindMotion.uexp" 168
"../../../Engine/Plugins/Editor/SpeedTreeImporter/Content/SpeedTree9/SpeedTreeBranchMotion.uasset" 169
"../../../Engine/Plugins/Editor/SpeedTreeImporter/Content/SpeedTree9/SpeedTreeBranchMotion.uexp" 170
"../../../Engine/Plugins/Editor/SpeedTreeImporter/Content/SpeedTree9/SpeedTreeWind.uasset" 171
"../../../Engine/Plugins/Editor/SpeedTreeImporter/Content/SpeedTree9/SpeedTreeWind.uexp" 172
"../../../Engine/Plugins/Editor/SpeedTreeImporter/Content/SpeedTree9/EmptyNormal.uasset" 173
"../../../Engine/Plugins/Editor/SpeedTreeImporter/Content/SpeedTree9/EmptyNormal.uexp" 174
"../../../Engine/Plugins/Editor/SpeedTreeImporter/Content/SpeedTree9/Empty.uasset" 175
"../../../Engine/Plugins/Editor/SpeedTreeImporter/Content/SpeedTree9/Empty.uexp" 176
"../../../Engine/Plugins/Editor/SpeedTreeImporter/Content/SpeedTree9/SpeedTreeMaster.uasset" 177
"../../../Engine/Plugins/Editor/SpeedTreeImporter/Content/SpeedTree9/SpeedTreeMaster.uexp" 178
"../../../Engine/Plugins/Editor/SpeedTreeImporter/Content/SpeedTree9/SpeedTreeBillboard.uasset" 179
"../../../Engine/Plugins/Editor/SpeedTreeImporter/Content/SpeedTree9/SpeedTreeBillboard.uexp" 180
"../../../Engine/Plugins/Editor/SpeedTreeImporter/Content/SpeedTree9/SpeedTreeBillboardMaster.uasset" 181
"../../../Engine/Plugins/Editor/SpeedTreeImporter/Content/SpeedTree9/SpeedTreeBillboardMaster.uexp" 182
"../../../Engine/Plugins/Runtime/MeshModelingToolset/Content/Materials/M_DynamicMeshComponentVtxColor.uasset" 183
"../../../Engine/Plugins/Runtime/MeshModelingToolset/Content/Materials/M_DynamicMeshComponentVtxColor.uexp" 184
"../../../Engine/Plugins/Interchange/Runtime/Content/Pipelines/DefaultTexturePipeline.uasset" 185
"../../../Engine/Plugins/Interchange/Runtime/Content/Pipelines/DefaultTexturePipeline.uexp" 186
"../../../Engine/Plugins/Interchange/Runtime/Content/Pipelines/DefaultSceneLevelPipeline.uasset" 187
"../../../Engine/Plugins/Interchange/Runtime/Content/Pipelines/DefaultSceneLevelPipeline.uexp" 188
"../../../Engine/Plugins/Interchange/Runtime/Content/Pipelines/DefaultSceneAssetsPipeline.uasset" 189
"../../../Engine/Plugins/Interchange/Runtime/Content/Pipelines/DefaultSceneAssetsPipeline.uexp" 190
"../../../Engine/Plugins/Interchange/Runtime/Content/Pipelines/DefaultMaterialPipeline.uasset" 191
"../../../Engine/Plugins/Interchange/Runtime/Content/Pipelines/DefaultMaterialPipeline.uexp" 192
"../../../Engine/Plugins/Interchange/Runtime/Content/Pipelines/DefaultAssetsPipeline.uasset" 193
"../../../Engine/Plugins/Interchange/Runtime/Content/Pipelines/DefaultAssetsPipeline.uexp" 194
"../../../Engine/Plugins/Animation/ControlRig/Content/Controls/DefaultGizmoLibraryNormalized.uasset" 195
"../../../Engine/Plugins/Animation/ControlRig/Content/Controls/DefaultGizmoLibraryNormalized.uexp" 196
"../../../Engine/Plugins/Animation/ControlRig/Content/Controls/ControlRig_Wedge_solid.ubulk" 197
"../../../Engine/Plugins/Animation/ControlRig/Content/Controls/ControlRig_Wedge_solid.uasset" 198
"../../../Engine/Plugins/Animation/ControlRig/Content/Controls/ControlRig_Wedge_solid.uexp" 199
"../../../Engine/Plugins/Animation/ControlRig/Content/Controls/ControlRig_Wedge_3mm.ubulk" 200
"../../../Engine/Plugins/Animation/ControlRig/Content/Controls/ControlRig_Wedge_3mm.uasset" 201
"../../../Engine/Plugins/Animation/ControlRig/Content/Controls/ControlRig_Wedge_3mm.uexp" 202
"../../../Engine/Plugins/Animation/ControlRig/Content/Controls/ControlRig_Wedge_1mm.ubulk" 203
"../../../Engine/Plugins/Animation/ControlRig/Content/Controls/ControlRig_Wedge_1mm.uasset" 204
"../../../Engine/Plugins/Animation/ControlRig/Content/Controls/ControlRig_Wedge_1mm.uexp" 205
"../../../Engine/Plugins/Animation/ControlRig/Content/Controls/ControlRig_Triangle_solid.ubulk" 206
"../../../Engine/Plugins/Animation/ControlRig/Content/Controls/ControlRig_Triangle_solid.uasset" 207
"../../../Engine/Plugins/Animation/ControlRig/Content/Controls/ControlRig_Triangle_solid.uexp" 208
"../../../Engine/Plugins/Animation/ControlRig/Content/Controls/ControlRig_Triangle_3mm.ubulk" 209
"../../../Engine/Plugins/Animation/ControlRig/Content/Controls/ControlRig_Triangle_3mm.uasset" 210
"../../../Engine/Plugins/Animation/ControlRig/Content/Controls/ControlRig_Triangle_3mm.uexp" 211
"../../../Engine/Plugins/Animation/ControlRig/Content/Controls/ControlRig_Triangle_1mm.ubulk" 212
"../../../Engine/Plugins/Animation/ControlRig/Content/Controls/ControlRig_Triangle_1mm.uasset" 213
"../../../Engine/Plugins/Animation/ControlRig/Content/Controls/ControlRig_Triangle_1mm.uexp" 214
"../../../Engine/Plugins/Animation/ControlRig/Content/Controls/ControlRig_Star4_solid.ubulk" 215
"../../../Engine/Plugins/Animation/ControlRig/Content/Controls/ControlRig_Star4_solid.uasset" 216
"../../../Engine/Plugins/Animation/ControlRig/Content/Controls/ControlRig_Star4_solid.uexp" 217
"../../../Engine/Plugins/Animation/ControlRig/Content/Controls/ControlRig_Star4_3mm.ubulk" 218
"../../../Engine/Plugins/Animation/ControlRig/Content/Controls/ControlRig_Star4_3mm.uasset" 219
"../../../Engine/Plugins/Animation/ControlRig/Content/Controls/ControlRig_Star4_3mm.uexp" 220
"../../../Engine/Plugins/Animation/ControlRig/Content/Controls/ControlRig_Star4_1mm.ubulk" 221
"../../../Engine/Plugins/Animation/ControlRig/Content/Controls/ControlRig_Star4_1mm.uasset" 222
"../../../Engine/Plugins/Animation/ControlRig/Content/Controls/ControlRig_Star4_1mm.uexp" 223
"../../../Engine/Plugins/Animation/ControlRig/Content/Controls/ControlRig_Square_solid.ubulk" 224
"../../../Engine/Plugins/Animation/ControlRig/Content/Controls/ControlRig_Square_solid.uasset" 225
"../../../Engine/Plugins/Animation/ControlRig/Content/Controls/ControlRig_Square_solid.uexp" 226
"../../../Engine/Plugins/Animation/ControlRig/Content/Controls/ControlRig_Square_3mm.ubulk" 227
"../../../Engine/Plugins/Animation/ControlRig/Content/Controls/ControlRig_Square_3mm.uasset" 228
"../../../Engine/Plugins/Animation/ControlRig/Content/Controls/ControlRig_Square_3mm.uexp" 229
"../../../Engine/Plugins/Animation/ControlRig/Content/Controls/ControlRig_Square_1mm.ubulk" 230
"../../../Engine/Plugins/Animation/ControlRig/Content/Controls/ControlRig_Square_1mm.uasset" 231
"../../../Engine/Plugins/Animation/ControlRig/Content/Controls/ControlRig_Square_1mm.uexp" 232
"../../../Engine/Plugins/Animation/ControlRig/Content/Controls/ControlRig_Sphere_solid.ubulk" 233
"../../../Engine/Plugins/Animation/ControlRig/Content/Controls/ControlRig_Sphere_solid.uasset" 234
"../../../Engine/Plugins/Animation/ControlRig/Content/Controls/ControlRig_Sphere_solid.uexp" 235
"../../../Engine/Plugins/Animation/ControlRig/Content/Controls/ControlRig_Sphere_3mm.ubulk" 236
"../../../Engine/Plugins/Animation/ControlRig/Content/Controls/ControlRig_Sphere_3mm.uasset" 237
"../../../Engine/Plugins/Animation/ControlRig/Content/Controls/ControlRig_Sphere_3mm.uexp" 238
"../../../Engine/Plugins/Animation/ControlRig/Content/Controls/ControlRig_Sphere_1mm.ubulk" 239
"../../../Engine/Plugins/Animation/ControlRig/Content/Controls/ControlRig_Sphere_1mm.uasset" 240
"../../../Engine/Plugins/Animation/ControlRig/Content/Controls/ControlRig_Sphere_1mm.uexp" 241
"../../../Engine/Plugins/Animation/ControlRig/Content/Controls/ControlRig_RoundedTriangle_solid.ubulk" 242
"../../../Engine/Plugins/Animation/ControlRig/Content/Controls/ControlRig_RoundedTriangle_solid.uasset" 243
"../../../Engine/Plugins/Animation/ControlRig/Content/Controls/ControlRig_RoundedTriangle_solid.uexp" 244
"../../../Engine/Plugins/Animation/ControlRig/Content/Controls/ControlRig_RoundedTriangle_3mm.ubulk" 245
"../../../Engine/Plugins/Animation/ControlRig/Content/Controls/ControlRig_RoundedTriangle_3mm.uasset" 246
"../../../Engine/Plugins/Animation/ControlRig/Content/Controls/ControlRig_RoundedTriangle_3mm.uexp" 247
"../../../Engine/Plugins/Animation/ControlRig/Content/Controls/ControlRig_RoundedTriangle_1mm.ubulk" 248
"../../../Engine/Plugins/Animation/ControlRig/Content/Controls/ControlRig_RoundedTriangle_1mm.uasset" 249
"../../../Engine/Plugins/Animation/ControlRig/Content/Controls/ControlRig_RoundedTriangle_1mm.uexp" 250
"../../../Engine/Plugins/Animation/ControlRig/Content/Controls/ControlRig_RoundedSquare_solid.ubulk" 251
"../../../Engine/Plugins/Animation/ControlRig/Content/Controls/ControlRig_RoundedSquare_solid.uasset" 252
"../../../Engine/Plugins/Animation/ControlRig/Content/Controls/ControlRig_RoundedSquare_solid.uexp" 253
"../../../Engine/Plugins/Animation/ControlRig/Content/Controls/ControlRig_RoundedSquare_3mm.ubulk" 254
"../../../Engine/Plugins/Animation/ControlRig/Content/Controls/ControlRig_RoundedSquare_3mm.uasset" 255
"../../../Engine/Plugins/Animation/ControlRig/Content/Controls/ControlRig_RoundedSquare_3mm.uexp" 256
"../../../Engine/Plugins/Animation/ControlRig/Content/Controls/ControlRig_RoundedSquare_1mm.ubulk" 257
"../../../Engine/Plugins/Animation/ControlRig/Content/Controls/ControlRig_RoundedSquare_1mm.uasset" 258
"../../../Engine/Plugins/Animation/ControlRig/Content/Controls/ControlRig_RoundedSquare_1mm.uexp" 259
"../../../Engine/Plugins/Animation/ControlRig/Content/Controls/ControlRig_QuarterCircle_solid.ubulk" 260
"../../../Engine/Plugins/Animation/ControlRig/Content/Controls/ControlRig_QuarterCircle_solid.uasset" 261
"../../../Engine/Plugins/Animation/ControlRig/Content/Controls/ControlRig_QuarterCircle_solid.uexp" 262
"../../../Engine/Plugins/Animation/ControlRig/Content/Controls/ControlRig_QuarterCircle_3mm.ubulk" 263
"../../../Engine/Plugins/Animation/ControlRig/Content/Controls/ControlRig_QuarterCircle_3mm.uasset" 264
"../../../Engine/Plugins/Animation/ControlRig/Content/Controls/ControlRig_QuarterCircle_3mm.uexp" 265
"../../../Engine/Plugins/Animation/ControlRig/Content/Controls/ControlRig_QuarterCircle_1mm.ubulk" 266
"../../../Engine/Plugins/Animation/ControlRig/Content/Controls/ControlRig_QuarterCircle_1mm.uasset" 267
"../../../Engine/Plugins/Animation/ControlRig/Content/Controls/ControlRig_QuarterCircle_1mm.uexp" 268
"../../../Engine/Plugins/Animation/ControlRig/Content/Controls/ControlRig_Pyramid_solid.ubulk" 269
"../../../Engine/Plugins/Animation/ControlRig/Content/Controls/ControlRig_Pyramid_solid.uasset" 270
"../../../Engine/Plugins/Animation/ControlRig/Content/Controls/ControlRig_Pyramid_solid.uexp" 271
"../../../Engine/Plugins/Animation/ControlRig/Content/Controls/ControlRig_Pyramid_3mm.ubulk" 272
"../../../Engine/Plugins/Animation/ControlRig/Content/Controls/ControlRig_Pyramid_3mm.uasset" 273
"../../../Engine/Plugins/Animation/ControlRig/Content/Controls/ControlRig_Pyramid_3mm.uexp" 274
"../../../Engine/Plugins/Animation/ControlRig/Content/Controls/ControlRig_Pyramid_1mm.ubulk" 275
"../../../Engine/Plugins/Animation/ControlRig/Content/Controls/ControlRig_Pyramid_1mm.uasset" 276
"../../../Engine/Plugins/Animation/ControlRig/Content/Controls/ControlRig_Pyramid_1mm.uexp" 277
"../../../Engine/Plugins/Animation/ControlRig/Content/Controls/ControlRig_Octagon_solid.ubulk" 278
"../../../Engine/Plugins/Animation/ControlRig/Content/Controls/ControlRig_Octagon_solid.uasset" 279
"../../../Engine/Plugins/Animation/ControlRig/Content/Controls/ControlRig_Octagon_solid.uexp" 280
"../../../Engine/Plugins/Animation/ControlRig/Content/Controls/ControlRig_Octagon_3mm.ubulk" 281
"../../../Engine/Plugins/Animation/ControlRig/Content/Controls/ControlRig_Octagon_3mm.uasset" 282
"../../../Engine/Plugins/Animation/ControlRig/Content/Controls/ControlRig_Octagon_3mm.uexp" 283
"../../../Engine/Plugins/Animation/ControlRig/Content/Controls/ControlRig_Octagon_1mm.ubulk" 284
"../../../Engine/Plugins/Animation/ControlRig/Content/Controls/ControlRig_Octagon_1mm.uasset" 285
"../../../Engine/Plugins/Animation/ControlRig/Content/Controls/ControlRig_Octagon_1mm.uexp" 286
"../../../Engine/Plugins/Animation/ControlRig/Content/Controls/ControlRig_Hexagon_solid.ubulk" 287
"../../../Engine/Plugins/Animation/ControlRig/Content/Controls/ControlRig_Hexagon_solid.uasset" 288
"../../../Engine/Plugins/Animation/ControlRig/Content/Controls/ControlRig_Hexagon_solid.uexp" 289
"../../../Engine/Plugins/Animation/ControlRig/Content/Controls/ControlRig_Hexagon_3mm.ubulk" 290
"../../../Engine/Plugins/Animation/ControlRig/Content/Controls/ControlRig_Hexagon_3mm.uasset" 291
"../../../Engine/Plugins/Animation/ControlRig/Content/Controls/ControlRig_Hexagon_3mm.uexp" 292
"../../../Engine/Plugins/Animation/ControlRig/Content/Controls/ControlRig_Hexagon_1mm.ubulk" 293
"../../../Engine/Plugins/Animation/ControlRig/Content/Controls/ControlRig_Hexagon_1mm.uasset" 294
"../../../Engine/Plugins/Animation/ControlRig/Content/Controls/ControlRig_Hexagon_1mm.uexp" 295
"../../../Engine/Plugins/Animation/ControlRig/Content/Controls/ControlRig_HalfCircle_solid.ubulk" 296
"../../../Engine/Plugins/Animation/ControlRig/Content/Controls/ControlRig_HalfCircle_solid.uasset" 297
"../../../Engine/Plugins/Animation/ControlRig/Content/Controls/ControlRig_HalfCircle_solid.uexp" 298
"../../../Engine/Plugins/Animation/ControlRig/Content/Controls/ControlRig_HalfCircle_3mm.ubulk" 299
"../../../Engine/Plugins/Animation/ControlRig/Content/Controls/ControlRig_HalfCircle_3mm.uasset" 300
"../../../Engine/Plugins/Animation/ControlRig/Content/Controls/ControlRig_HalfCircle_3mm.uexp" 301
"../../../Engine/Plugins/Animation/ControlRig/Content/Controls/ControlRig_HalfCircle_1mm.ubulk" 302
"../../../Engine/Plugins/Animation/ControlRig/Content/Controls/ControlRig_HalfCircle_1mm.uasset" 303
"../../../Engine/Plugins/Animation/ControlRig/Content/Controls/ControlRig_HalfCircle_1mm.uexp" 304
"../../../Engine/Plugins/Animation/ControlRig/Content/Controls/ControlRig_Diamond_solid.ubulk" 305
"../../../Engine/Plugins/Animation/ControlRig/Content/Controls/ControlRig_Diamond_solid.uasset" 306
"../../../Engine/Plugins/Animation/ControlRig/Content/Controls/ControlRig_Diamond_solid.uexp" 307
"../../../Engine/Plugins/Animation/ControlRig/Content/Controls/ControlRig_Diamond_3mm.ubulk" 308
"../../../Engine/Plugins/Animation/ControlRig/Content/Controls/ControlRig_Diamond_3mm.uasset" 309
"../../../Engine/Plugins/Animation/ControlRig/Content/Controls/ControlRig_Diamond_3mm.uexp" 310
"../../../Engine/Plugins/Animation/ControlRig/Content/Controls/ControlRig_Diamond_1mm.ubulk" 311
"../../../Engine/Plugins/Animation/ControlRig/Content/Controls/ControlRig_Diamond_1mm.uasset" 312
"../../../Engine/Plugins/Animation/ControlRig/Content/Controls/ControlRig_Diamond_1mm.uexp" 313
"../../../Engine/Plugins/Animation/ControlRig/Content/Controls/ControlRig_Circle_solid.ubulk" 314
"../../../Engine/Plugins/Animation/ControlRig/Content/Controls/ControlRig_Circle_solid.uasset" 315
"../../../Engine/Plugins/Animation/ControlRig/Content/Controls/ControlRig_Circle_solid.uexp" 316
"../../../Engine/Plugins/Animation/ControlRig/Content/Controls/ControlRig_Circle_3mm.ubulk" 317
"../../../Engine/Plugins/Animation/ControlRig/Content/Controls/ControlRig_Circle_3mm.uasset" 318
"../../../Engine/Plugins/Animation/ControlRig/Content/Controls/ControlRig_Circle_3mm.uexp" 319
"../../../Engine/Plugins/Animation/ControlRig/Content/Controls/ControlRig_Circle_1mm.ubulk" 320
"../../../Engine/Plugins/Animation/ControlRig/Content/Controls/ControlRig_Circle_1mm.uasset" 321
"../../../Engine/Plugins/Animation/ControlRig/Content/Controls/ControlRig_Circle_1mm.uexp" 322
"../../../Engine/Plugins/Animation/ControlRig/Content/Controls/ControlRig_Box_solid.ubulk" 323
"../../../Engine/Plugins/Animation/ControlRig/Content/Controls/ControlRig_Box_solid.uasset" 324
"../../../Engine/Plugins/Animation/ControlRig/Content/Controls/ControlRig_Box_solid.uexp" 325
"../../../Engine/Plugins/Animation/ControlRig/Content/Controls/ControlRig_Box_3mm.ubulk" 326
"../../../Engine/Plugins/Animation/ControlRig/Content/Controls/ControlRig_Box_3mm.uasset" 327
"../../../Engine/Plugins/Animation/ControlRig/Content/Controls/ControlRig_Box_3mm.uexp" 328
"../../../Engine/Plugins/Animation/ControlRig/Content/Controls/ControlRig_Box_1mm.ubulk" 329
"../../../Engine/Plugins/Animation/ControlRig/Content/Controls/ControlRig_Box_1mm.uasset" 330
"../../../Engine/Plugins/Animation/ControlRig/Content/Controls/ControlRig_Box_1mm.uexp" 331
"../../../Engine/Plugins/Animation/ControlRig/Content/Controls/ControlRig_Arrow_solid.ubulk" 332
"../../../Engine/Plugins/Animation/ControlRig/Content/Controls/ControlRig_Arrow_solid.uasset" 333
"../../../Engine/Plugins/Animation/ControlRig/Content/Controls/ControlRig_Arrow_solid.uexp" 334
"../../../Engine/Plugins/Animation/ControlRig/Content/Controls/ControlRig_Arrow_3mm.ubulk" 335
"../../../Engine/Plugins/Animation/ControlRig/Content/Controls/ControlRig_Arrow_3mm.uasset" 336
"../../../Engine/Plugins/Animation/ControlRig/Content/Controls/ControlRig_Arrow_3mm.uexp" 337
"../../../Engine/Plugins/Animation/ControlRig/Content/Controls/ControlRig_Arrow_1mm.ubulk" 338
"../../../Engine/Plugins/Animation/ControlRig/Content/Controls/ControlRig_Arrow_1mm.uasset" 339
"../../../Engine/Plugins/Animation/ControlRig/Content/Controls/ControlRig_Arrow_1mm.uexp" 340
"../../../Engine/Plugins/Animation/ControlRig/Content/Controls/ControlRig_Arrow4_solid.ubulk" 341
"../../../Engine/Plugins/Animation/ControlRig/Content/Controls/ControlRig_Arrow4_solid.uasset" 342
"../../../Engine/Plugins/Animation/ControlRig/Content/Controls/ControlRig_Arrow4_solid.uexp" 343
"../../../Engine/Plugins/Animation/ControlRig/Content/Controls/ControlRig_Arrow4_3mm.ubulk" 344
"../../../Engine/Plugins/Animation/ControlRig/Content/Controls/ControlRig_Arrow4_3mm.uasset" 345
"../../../Engine/Plugins/Animation/ControlRig/Content/Controls/ControlRig_Arrow4_3mm.uexp" 346
"../../../Engine/Plugins/Animation/ControlRig/Content/Controls/ControlRig_Arrow4_1mm.ubulk" 347
"../../../Engine/Plugins/Animation/ControlRig/Content/Controls/ControlRig_Arrow4_1mm.uasset" 348
"../../../Engine/Plugins/Animation/ControlRig/Content/Controls/ControlRig_Arrow4_1mm.uexp" 349
"../../../Engine/Plugins/Animation/ControlRig/Content/Controls/ControlRig_Arrow2_solid.ubulk" 350
"../../../Engine/Plugins/Animation/ControlRig/Content/Controls/ControlRig_Arrow2_solid.uasset" 351
"../../../Engine/Plugins/Animation/ControlRig/Content/Controls/ControlRig_Arrow2_solid.uexp" 352
"../../../Engine/Plugins/Animation/ControlRig/Content/Controls/ControlRig_Arrow2_3mm.ubulk" 353
"../../../Engine/Plugins/Animation/ControlRig/Content/Controls/ControlRig_Arrow2_3mm.uasset" 354
"../../../Engine/Plugins/Animation/ControlRig/Content/Controls/ControlRig_Arrow2_3mm.uexp" 355
"../../../Engine/Plugins/Animation/ControlRig/Content/Controls/ControlRig_Arrow2_1mm.ubulk" 356
"../../../Engine/Plugins/Animation/ControlRig/Content/Controls/ControlRig_Arrow2_1mm.uasset" 357
"../../../Engine/Plugins/Animation/ControlRig/Content/Controls/ControlRig_Arrow2_1mm.uexp" 358
"../../../Engine/Plugins/Animation/ControlRig/Content/Controls/ControlRigXRayMaterial.uasset" 359
"../../../Engine/Plugins/Animation/ControlRig/Content/Controls/ControlRigXRayMaterial.uexp" 360
"../../../Engine/Plugins/Animation/ControlRig/Content/Controls/ControlRigGizmoMaterial.uasset" 361
"../../../Engine/Plugins/Animation/ControlRig/Content/Controls/ControlRigGizmoMaterial.uexp" 362
"../../../Engine/Content/EngineSky/T_Sky_Stars.ubulk" 363
"../../../Engine/Content/EngineSky/T_Sky_Stars.uasset" 364
"../../../Engine/Content/EngineSky/T_Sky_Stars.uexp" 365
"../../../Engine/Content/EngineSky/T_Sky_Clouds_M.ubulk" 366
"../../../Engine/Content/EngineSky/T_Sky_Clouds_M.uasset" 367
"../../../Engine/Content/EngineSky/T_Sky_Clouds_M.uexp" 368
"../../../Engine/Content/EngineSky/T_Sky_Blue.ubulk" 369
"../../../Engine/Content/EngineSky/T_Sky_Blue.uasset" 370
"../../../Engine/Content/EngineSky/T_Sky_Blue.uexp" 371
"../../../Engine/Content/EngineSky/M_Sky_Panning_Clouds2.uasset" 372
"../../../Engine/Content/EngineSky/M_Sky_Panning_Clouds2.uexp" 373
"../../../Engine/Content/EngineSky/SM_SkySphere.ubulk" 374
"../../../Engine/Content/EngineSky/SM_SkySphere.uasset" 375
"../../../Engine/Content/EngineSky/SM_SkySphere.uexp" 376
"../../../Engine/Content/EngineSky/M_SimpleSkyDome.uasset" 377
"../../../Engine/Content/EngineSky/M_SimpleSkyDome.uexp" 378
"../../../Engine/Content/EngineResources/WhiteSquareTexture.uasset" 379
"../../../Engine/Content/EngineResources/WhiteSquareTexture.uexp" 380
"../../../Engine/Content/EngineMaterials/Widget3DPassThrough.uasset" 381
"../../../Engine/Content/EngineMaterials/Widget3DPassThrough.uexp" 382
"../../../Engine/Content/EngineMaterials/Widget3DPassThrough_Translucent.uasset" 383
"../../../Engine/Content/EngineMaterials/Widget3DPassThrough_Translucent.uexp" 384
"../../../Engine/Content/EngineMaterials/Widget3DPassThrough_Translucent_OneSided.uasset" 385
"../../../Engine/Content/EngineMaterials/Widget3DPassThrough_Translucent_OneSided.uexp" 386
"../../../Engine/Content/EngineMaterials/Widget3DPassThrough_Opaque.uasset" 387
"../../../Engine/Content/EngineMaterials/Widget3DPassThrough_Opaque.uexp" 388
"../../../Engine/Content/EngineMaterials/Widget3DPassThrough_Opaque_OneSided.uasset" 389
"../../../Engine/Content/EngineMaterials/Widget3DPassThrough_Opaque_OneSided.uexp" 390
"../../../Engine/Content/EngineMaterials/Widget3DPassThrough_Masked_OneSided.uasset" 391
"../../../Engine/Content/EngineMaterials/Widget3DPassThrough_Masked_OneSided.uexp" 392
"../../../Engine/Content/EngineMaterials/Widget3DPassThrough_Masked.uasset" 393
"../../../Engine/Content/EngineMaterials/Widget3DPassThrough_Masked.uexp" 394
"../../../Engine/Content/EngineMaterials/STBlueNoise_vec2_128x128x64.uasset" 395
"../../../Engine/Content/EngineMaterials/STBlueNoise_vec2_128x128x64.uexp" 396
"../../../Engine/Content/EngineMaterials/STBlueNoise_scalar_128x128x64.uasset" 397
"../../../Engine/Content/EngineMaterials/STBlueNoise_scalar_128x128x64.uexp" 398
"../../../Engine/Content/EngineMaterials/RemoveSurfaceMaterial.uasset" 399
"../../../Engine/Content/EngineMaterials/RemoveSurfaceMaterial.uexp" 400
"../../../Engine/Content/EngineMaterials/DefaultCalibrationGrayscale.uasset" 401
"../../../Engine/Content/EngineMaterials/DefaultCalibrationGrayscale.uexp" 402
"../../../Engine/Content/EngineMaterials/PPM_DefaultCalibrationGrayscale.uasset" 403
"../../../Engine/Content/EngineMaterials/PPM_DefaultCalibrationGrayscale.uexp" 404
"../../../Engine/Content/EngineMaterials/DefaultCalibrationColor.uasset" 405
"../../../Engine/Content/EngineMaterials/DefaultCalibrationColor.uexp" 406
"../../../Engine/Content/EngineMaterials/PPM_DefaultCalibrationColor.uasset" 407
"../../../Engine/Content/EngineMaterials/PPM_DefaultCalibrationColor.uexp" 408
"../../../Engine/Content/EngineMaterials/PhAT_JointLimitMaterial.uasset" 409
"../../../Engine/Content/EngineMaterials/PhAT_JointLimitMaterial.uexp" 410
"../../../Engine/Content/EngineMaterials/NaniteHiddenSectionMaterial.uasset" 411
"../../../Engine/Content/EngineMaterials/NaniteHiddenSectionMaterial.uexp" 412
"../../../Engine/Content/EngineMaterials/InvalidLightmapSettings.ubulk" 413
"../../../Engine/Content/EngineMaterials/InvalidLightmapSettings.uasset" 414
"../../../Engine/Content/EngineMaterials/InvalidLightmapSettings.uexp" 415
"../../../Engine/Content/EngineMaterials/M_InvalidLightmapSettings.uasset" 416
"../../../Engine/Content/EngineMaterials/M_InvalidLightmapSettings.uexp" 417
"../../../Engine/Content/EngineMaterials/GizmoMaterial.uasset" 418
"../../../Engine/Content/EngineMaterials/GizmoMaterial.uexp" 419
"../../../Engine/Content/EngineMaterials/BaseFlattenEmissiveMap_VT.uasset" 420
"../../../Engine/Content/EngineMaterials/BaseFlattenEmissiveMap_VT.uexp" 421
"../../../Engine/Content/EngineMaterials/BaseFlattenGrayscaleMap_VT.uasset" 422
"../../../Engine/Content/EngineMaterials/BaseFlattenGrayscaleMap_VT.uexp" 423
"../../../Engine/Content/EngineMaterials/BaseFlattenLinearColor_VT.uasset" 424
"../../../Engine/Content/EngineMaterials/BaseFlattenLinearColor_VT.uexp" 425
"../../../Engine/Content/EngineMaterials/Black_1x1_EXR_Texture_VT.uasset" 426
"../../../Engine/Content/EngineMaterials/Black_1x1_EXR_Texture_VT.uexp" 427
"../../../Engine/Content/EngineMaterials/BaseFlattenDiffuseMap_VT.uasset" 428
"../../../Engine/Content/EngineMaterials/BaseFlattenDiffuseMap_VT.uexp" 429
"../../../Engine/Content/EngineMaterials/BaseFlattenNormalMap_VT.uasset" 430
"../../../Engine/Content/EngineMaterials/BaseFlattenNormalMap_VT.uexp" 431
"../../../Engine/Content/EngineMaterials/FlattenMaterial_WS_Normal_VT.uasset" 432
"../../../Engine/Content/EngineMaterials/FlattenMaterial_WS_Normal_VT.uexp" 433
"../../../Engine/Content/EngineMaterials/FlattenMaterial_VT.uasset" 434
"../../../Engine/Content/EngineMaterials/FlattenMaterial_VT.uexp" 435
"../../../Engine/Content/EngineMaterials/BaseFlattenNormalMap.uasset" 436
"../../../Engine/Content/EngineMaterials/BaseFlattenNormalMap.uexp" 437
"../../../Engine/Content/EngineMaterials/BaseFlattenGrayscaleMap.uasset" 438
"../../../Engine/Content/EngineMaterials/BaseFlattenGrayscaleMap.uexp" 439
"../../../Engine/Content/EngineMaterials/BaseFlattenDiffuseMap.uasset" 440
"../../../Engine/Content/EngineMaterials/BaseFlattenDiffuseMap.uexp" 441
"../../../Engine/Content/Functions/Engine_MaterialFunctions02/PivotPainter2/Black_1x1_EXR_Texture.uasset" 442
"../../../Engine/Content/Functions/Engine_MaterialFunctions02/PivotPainter2/Black_1x1_EXR_Texture.uexp" 443
"../../../Engine/Content/EngineMaterials/BaseFlattenEmissiveMap.uasset" 444
"../../../Engine/Content/EngineMaterials/BaseFlattenEmissiveMap.uexp" 445
"../../../Engine/Content/EngineMaterials/BaseFlattenLinearColor.uasset" 446
"../../../Engine/Content/EngineMaterials/BaseFlattenLinearColor.uexp" 447
"../../../Engine/Content/EngineMaterials/FlattenMaterial.uasset" 448
"../../../Engine/Content/EngineMaterials/FlattenMaterial.uexp" 449
"../../../Engine/Content/EngineMaterials/DefaultWhiteGrid_Low.uasset" 450
"../../../Engine/Content/EngineMaterials/DefaultWhiteGrid_Low.uexp" 451
"../../../Engine/Content/EngineMaterials/EmissiveMeshMaterial.uasset" 452
"../../../Engine/Content/EngineMaterials/EmissiveMeshMaterial.uexp" 453
"../../../Engine/Content/EngineFonts/RobotoDistanceField.uasset" 454
"../../../Engine/Content/EngineFonts/RobotoDistanceField.uexp" 455
"../../../Engine/Content/EngineMaterials/DefaultTextMaterialOpaque.uasset" 456
"../../../Engine/Content/EngineMaterials/DefaultTextMaterialOpaque.uexp" 457
"../../../Engine/Content/EngineMaterials/DefaultDiffuse.ubulk" 458
"../../../Engine/Content/EngineMaterials/DefaultDiffuse.uasset" 459
"../../../Engine/Content/EngineMaterials/DefaultDiffuse.uexp" 460
"../../../Engine/Content/Functions/Engine_MaterialFunctions02/Utility/BreakOutFloat2Components.uasset" 461
"../../../Engine/Content/Functions/Engine_MaterialFunctions02/Utility/BreakOutFloat2Components.uexp" 462
"../../../Engine/Content/EngineMaterials/DefaultPostProcessMaterial.uasset" 463
"../../../Engine/Content/EngineMaterials/DefaultPostProcessMaterial.uexp" 464
"../../../Engine/Content/EngineMaterials/DefaultPhysicalMaterial.uasset" 465
"../../../Engine/Content/EngineMaterials/DefaultPhysicalMaterial.uexp" 466
"../../../Engine/Content/EngineMaterials/DefaultLightFunctionMaterial.uasset" 467
"../../../Engine/Content/EngineMaterials/DefaultLightFunctionMaterial.uexp" 468
"../../../Engine/Content/EngineMaterials/DefaultDestructiblePhysicalMaterial.uasset" 469
"../../../Engine/Content/EngineMaterials/DefaultDestructiblePhysicalMaterial.uexp" 470
"../../../Engine/Content/EngineMaterials/DefaultDeferredDecalMaterial.uasset" 471
"../../../Engine/Content/EngineMaterials/DefaultDeferredDecalMaterial.uexp" 472
"../../../Engine/Content/EngineMaterials/DefaultBloomKernel.uasset" 473
"../../../Engine/Content/EngineMaterials/DefaultBloomKernel.uexp" 474
"../../../Engine/Content/EngineFonts/Faces/RobotoLight.uexp" 475
"../../../Engine/Content/EngineFonts/Faces/RobotoLight.uasset" 476
"../../../Engine/Content/EngineFonts/Faces/RobotoLight.ufont" 477
"../../../Engine/Content/EngineFonts/Faces/RobotoBold.uexp" 478
"../../../Engine/Content/EngineFonts/Faces/RobotoBold.uasset" 479
"../../../Engine/Content/EngineFonts/Faces/RobotoBold.ufont" 480
"../../../Engine/Content/EngineFonts/Faces/RobotoRegular.uexp" 481
"../../../Engine/Content/EngineFonts/Faces/RobotoRegular.uasset" 482
"../../../Engine/Content/EngineFonts/Faces/RobotoRegular.ufont" 483
"../../../Engine/Content/EngineFonts/Faces/DroidSansFallback.uexp" 484
"../../../Engine/Content/EngineFonts/Faces/DroidSansFallback.uasset" 485
"../../../Engine/Content/EngineFonts/Faces/DroidSansFallback.ufont" 486
"../../../Engine/Content/EngineFonts/Faces/RobotoItalic.uexp" 487
"../../../Engine/Content/EngineFonts/Faces/RobotoItalic.uasset" 488
"../../../Engine/Content/EngineFonts/Faces/RobotoItalic.ufont" 489
"../../../Engine/Content/EngineFonts/Faces/RobotoBoldItalic.uexp" 490
"../../../Engine/Content/EngineFonts/Faces/RobotoBoldItalic.uasset" 491
"../../../Engine/Content/EngineFonts/Faces/RobotoBoldItalic.ufont" 492
"../../../Engine/Content/EngineFonts/Roboto.uasset" 493
"../../../Engine/Content/EngineFonts/Roboto.uexp" 494
"../../../Engine/Content/Functions/Engine_MaterialFunctions02/Utility/CameraDirectionVector.uasset" 495
"../../../Engine/Content/Functions/Engine_MaterialFunctions02/Utility/CameraDirectionVector.uexp" 496
"../../../Engine/Content/EngineDebugMaterials/VolumeToRender.uasset" 497
"../../../Engine/Content/EngineDebugMaterials/VolumeToRender.uexp" 498
"../../../Engine/Content/EngineDebugMaterials/M_VolumeRenderSphereTracePP.uasset" 499
"../../../Engine/Content/EngineDebugMaterials/M_VolumeRenderSphereTracePP.uexp" 500
"../../../Engine/Content/EngineDebugMaterials/M_SimpleUnlitTranslucent.uasset" 501
"../../../Engine/Content/EngineDebugMaterials/M_SimpleUnlitTranslucent.uexp" 502
"../../../Engine/Content/EngineDebugMaterials/DebugMeshMaterial.uasset" 503
"../../../Engine/Content/EngineDebugMaterials/DebugMeshMaterial.uexp" 504
"../../../Engine/Content/EngineDebugMaterials/DebugEditorMaterial.uasset" 505
"../../../Engine/Content/EngineDebugMaterials/DebugEditorMaterial.uexp" 506
"../../../Engine/Content/EngineDamageTypes/DmgTypeBP_Environmental.uasset" 507
"../../../Engine/Content/EngineDamageTypes/DmgTypeBP_Environmental.uexp" 508
"../../../Engine/Content/EditorResources/S_Terrain.ubulk" 509
"../../../Engine/Content/EditorResources/S_Terrain.uasset" 510
"../../../Engine/Content/EditorResources/S_Terrain.uexp" 511
"../../../Engine/Content/EditorResources/EmptyActor.uasset" 512
"../../../Engine/Content/EditorResources/EmptyActor.uexp" 513
"../../../Engine/Content/EditorResources/BSPVertex.uasset" 514
"../../../Engine/Content/EditorResources/BSPVertex.uexp" 515
"../../../Engine/Content/EditorLandscapeResources/DefaultAlphaTexture.uasset" 516
"../../../Engine/Content/EditorLandscapeResources/DefaultAlphaTexture.uexp" 517
"../../../Engine/Content/EditorLandscapeResources/DataLayer.uasset" 518
"../../../Engine/Content/EditorLandscapeResources/DataLayer.uexp" 519
"../../../Engine/Content/EngineMaterials/DefaultMaterial.uasset" 520
"../../../Engine/Content/EngineMaterials/DefaultMaterial.uexp" 521
"../../../Engine/Content/BasicShapes/Sphere.ubulk" 522
"../../../Engine/Content/BasicShapes/Sphere.uasset" 523
"../../../Engine/Content/BasicShapes/Sphere.uexp" 524
"../../../Engine/Content/BasicShapes/Plane.ubulk" 525
"../../../Engine/Content/BasicShapes/Plane.uasset" 526
"../../../Engine/Content/BasicShapes/Plane.uexp" 527
"../../../Engine/Content/BasicShapes/Cylinder.ubulk" 528
"../../../Engine/Content/BasicShapes/Cylinder.uasset" 529
"../../../Engine/Content/BasicShapes/Cylinder.uexp" 530
"../../../Engine/Content/BasicShapes/Cube.ubulk" 531
"../../../Engine/Content/BasicShapes/Cube.uasset" 532
"../../../Engine/Content/BasicShapes/Cube.uexp" 533
"../../../Engine/Content/BasicShapes/Cone.ubulk" 534
"../../../Engine/Content/BasicShapes/Cone.uasset" 535
"../../../Engine/Content/BasicShapes/Cone.uexp" 536
"D:/Unreal/LostWaves/Content/Characters/Mannequins/Meshes/SK_Mannequin.uasset" 537
"D:/Unreal/LostWaves/Content/Characters/Mannequins/Meshes/SK_Mannequin.uexp" 538
"D:/Unreal/LostWaves/Content/Characters/Mannequins/Textures/Quinn/T_Quinn_02ID_MSR_MSK.ubulk" 539
"D:/Unreal/LostWaves/Content/Characters/Mannequins/Textures/Quinn/T_Quinn_02ID_MSR_MSK.uasset" 540
"D:/Unreal/LostWaves/Content/Characters/Mannequins/Textures/Quinn/T_Quinn_02ID_MSR_MSK.uexp" 541
"D:/Unreal/LostWaves/Content/Characters/Mannequins/Textures/Quinn/T_Quinn_02ID_BN.ubulk" 542
"D:/Unreal/LostWaves/Content/Characters/Mannequins/Textures/Quinn/T_Quinn_02ID_BN.uasset" 543
"D:/Unreal/LostWaves/Content/Characters/Mannequins/Textures/Quinn/T_Quinn_02ID_BN.uexp" 544
"D:/Unreal/LostWaves/Content/Characters/Mannequins/Textures/Quinn/T_Quinn_02_ASAOMASK_MSK.ubulk" 545
"D:/Unreal/LostWaves/Content/Characters/Mannequins/Textures/Quinn/T_Quinn_02_ASAOMASK_MSK.uasset" 546
"D:/Unreal/LostWaves/Content/Characters/Mannequins/Textures/Quinn/T_Quinn_02_ASAOMASK_MSK.uexp" 547
"D:/Unreal/LostWaves/Content/Characters/Mannequins/Textures/Quinn/T_Quinn_02_CCRCCPlastic_MSK.ubulk" 548
"D:/Unreal/LostWaves/Content/Characters/Mannequins/Textures/Quinn/T_Quinn_02_CCRCCPlastic_MSK.uasset" 549
"D:/Unreal/LostWaves/Content/Characters/Mannequins/Textures/Quinn/T_Quinn_02_CCRCCPlastic_MSK.uexp" 550
"D:/Unreal/LostWaves/Content/Characters/Mannequins/Textures/Quinn/T_Quinn_02ID_Tan.ubulk" 551
"D:/Unreal/LostWaves/Content/Characters/Mannequins/Textures/Quinn/T_Quinn_02ID_Tan.uasset" 552
"D:/Unreal/LostWaves/Content/Characters/Mannequins/Textures/Quinn/T_Quinn_02ID_Tan.uexp" 553
"D:/Unreal/LostWaves/Content/Characters/Mannequins/Textures/Quinn/T_Quinn_02ID_D.ubulk" 554
"D:/Unreal/LostWaves/Content/Characters/Mannequins/Textures/Quinn/T_Quinn_02ID_D.uasset" 555
"D:/Unreal/LostWaves/Content/Characters/Mannequins/Textures/Quinn/T_Quinn_02ID_D.uexp" 556
"D:/Unreal/LostWaves/Content/Characters/Mannequins/Textures/Quinn/T_Quinn_01ID_MSR_MSK.ubulk" 557
"D:/Unreal/LostWaves/Content/Characters/Mannequins/Textures/Quinn/T_Quinn_01ID_MSR_MSK.uasset" 558
"D:/Unreal/LostWaves/Content/Characters/Mannequins/Textures/Quinn/T_Quinn_01ID_MSR_MSK.uexp" 559
"D:/Unreal/LostWaves/Content/Characters/Mannequins/Materials/Functions/ChromaticCurve.uasset" 560
"D:/Unreal/LostWaves/Content/Characters/Mannequins/Materials/Functions/ChromaticCurve.uexp" 561
"D:/Unreal/LostWaves/Content/Characters/Mannequins/Materials/Functions/CA_Mannequin.uasset" 562
"D:/Unreal/LostWaves/Content/Characters/Mannequins/Materials/Functions/CA_Mannequin.uexp" 563
"D:/Unreal/LostWaves/Content/Characters/Mannequins/Materials/Functions/MF_Diffraction.uasset" 564
"D:/Unreal/LostWaves/Content/Characters/Mannequins/Materials/Functions/MF_Diffraction.uexp" 565
"D:/Unreal/LostWaves/Content/Characters/Mannequins/Textures/Manny/T_Manny_01_N.ubulk" 566
"D:/Unreal/LostWaves/Content/Characters/Mannequins/Textures/Manny/T_Manny_01_N.uasset" 567
"D:/Unreal/LostWaves/Content/Characters/Mannequins/Textures/Manny/T_Manny_01_N.uexp" 568
"D:/Unreal/LostWaves/Content/Characters/Mannequins/Materials/Functions/ML_BaseColorFallOff.uasset" 569
"D:/Unreal/LostWaves/Content/Characters/Mannequins/Materials/Functions/ML_BaseColorFallOff.uexp" 570
"../../../Engine/Content/Functions/Engine_MaterialFunctions01/Texturing/ScaleUVsByCenter.uasset" 571
"../../../Engine/Content/Functions/Engine_MaterialFunctions01/Texturing/ScaleUVsByCenter.uexp" 572
"D:/Unreal/LostWaves/Content/Characters/Mannequins/Textures/Shared/T_UE_Logo_M.uasset" 573
"D:/Unreal/LostWaves/Content/Characters/Mannequins/Textures/Shared/T_UE_Logo_M.uexp" 574
"D:/Unreal/LostWaves/Content/Characters/Mannequins/Materials/Functions/MF_logo3layers.uasset" 575
"D:/Unreal/LostWaves/Content/Characters/Mannequins/Materials/Functions/MF_logo3layers.uexp" 576
"D:/Unreal/LostWaves/Content/Characters/Mannequins/Textures/Manny/T_Manny_01_CCRCCPlastic_MSK.ubulk" 577
"D:/Unreal/LostWaves/Content/Characters/Mannequins/Textures/Manny/T_Manny_01_CCRCCPlastic_MSK.uasset" 578
"D:/Unreal/LostWaves/Content/Characters/Mannequins/Textures/Manny/T_Manny_01_CCRCCPlastic_MSK.uexp" 579
"D:/Unreal/LostWaves/Content/Characters/Mannequins/Textures/Manny/T_Manny_01_ASAOPMASK_MSK.ubulk" 580
"D:/Unreal/LostWaves/Content/Characters/Mannequins/Textures/Manny/T_Manny_01_ASAOPMASK_MSK.uasset" 581
"D:/Unreal/LostWaves/Content/Characters/Mannequins/Textures/Manny/T_Manny_01_ASAOPMASK_MSK.uexp" 582
"D:/Unreal/LostWaves/Content/Characters/Mannequins/Textures/Manny/T_Manny_01_MSR_MSK.ubulk" 583
"D:/Unreal/LostWaves/Content/Characters/Mannequins/Textures/Manny/T_Manny_01_MSR_MSK.uasset" 584
"D:/Unreal/LostWaves/Content/Characters/Mannequins/Textures/Manny/T_Manny_01_MSR_MSK.uexp" 585
"D:/Unreal/LostWaves/Content/Characters/Mannequins/Textures/Manny/T_Manny_01_BN.ubulk" 586
"D:/Unreal/LostWaves/Content/Characters/Mannequins/Textures/Manny/T_Manny_01_BN.uasset" 587
"D:/Unreal/LostWaves/Content/Characters/Mannequins/Textures/Manny/T_Manny_01_BN.uexp" 588
"D:/Unreal/LostWaves/Content/Characters/Mannequins/Textures/Manny/T_Manny_01_D.ubulk" 589
"D:/Unreal/LostWaves/Content/Characters/Mannequins/Textures/Manny/T_Manny_01_D.uasset" 590
"D:/Unreal/LostWaves/Content/Characters/Mannequins/Textures/Manny/T_Manny_01_D.uexp" 591
"D:/Unreal/LostWaves/Content/Characters/Mannequins/Textures/Manny/T_Manny_01_Tan.ubulk" 592
"D:/Unreal/LostWaves/Content/Characters/Mannequins/Textures/Manny/T_Manny_01_Tan.uasset" 593
"D:/Unreal/LostWaves/Content/Characters/Mannequins/Textures/Manny/T_Manny_01_Tan.uexp" 594
"D:/Unreal/LostWaves/Content/Characters/Mannequins/Materials/M_Mannequin.uasset" 595
"D:/Unreal/LostWaves/Content/Characters/Mannequins/Materials/M_Mannequin.uexp" 596
"D:/Unreal/LostWaves/Content/Characters/Mannequins/Textures/Quinn/T_Quinn_01_ASAOMASK_MSK.ubulk" 597
"D:/Unreal/LostWaves/Content/Characters/Mannequins/Textures/Quinn/T_Quinn_01_ASAOMASK_MSK.uasset" 598
"D:/Unreal/LostWaves/Content/Characters/Mannequins/Textures/Quinn/T_Quinn_01_ASAOMASK_MSK.uexp" 599
"D:/Unreal/LostWaves/Content/Characters/Mannequins/Textures/Quinn/T_Quinn_01ID_N.ubulk" 600
"D:/Unreal/LostWaves/Content/Characters/Mannequins/Textures/Quinn/T_Quinn_01ID_N.uasset" 601
"D:/Unreal/LostWaves/Content/Characters/Mannequins/Textures/Quinn/T_Quinn_01ID_N.uexp" 602
"D:/Unreal/LostWaves/Content/Characters/Mannequins/Textures/Quinn/T_Quinn_01ID_BN.ubulk" 603
"D:/Unreal/LostWaves/Content/Characters/Mannequins/Textures/Quinn/T_Quinn_01ID_BN.uasset" 604
"D:/Unreal/LostWaves/Content/Characters/Mannequins/Textures/Quinn/T_Quinn_01ID_BN.uexp" 605
"D:/Unreal/LostWaves/Content/Characters/Mannequins/Textures/Quinn/T_Quinn_01ID_D.ubulk" 606
"D:/Unreal/LostWaves/Content/Characters/Mannequins/Textures/Quinn/T_Quinn_01ID_D.uasset" 607
"D:/Unreal/LostWaves/Content/Characters/Mannequins/Textures/Quinn/T_Quinn_01ID_D.uexp" 608
"D:/Unreal/LostWaves/Content/Characters/Mannequins/Textures/Quinn/T_Quinn_01ID_Tan.ubulk" 609
"D:/Unreal/LostWaves/Content/Characters/Mannequins/Textures/Quinn/T_Quinn_01ID_Tan.uasset" 610
"D:/Unreal/LostWaves/Content/Characters/Mannequins/Textures/Quinn/T_Quinn_01ID_Tan.uexp" 611
"D:/Unreal/LostWaves/Content/Characters/Mannequins/Textures/Quinn/T_Quinn_01_CCRCCPlastic_MSK.ubulk" 612
"D:/Unreal/LostWaves/Content/Characters/Mannequins/Textures/Quinn/T_Quinn_01_CCRCCPlastic_MSK.uasset" 613
"D:/Unreal/LostWaves/Content/Characters/Mannequins/Textures/Quinn/T_Quinn_01_CCRCCPlastic_MSK.uexp" 614
"D:/Unreal/LostWaves/Content/Characters/Mannequins/Materials/Instances/Quinn/MI_Quinn_01.uasset" 615
"D:/Unreal/LostWaves/Content/Characters/Mannequins/Materials/Instances/Quinn/MI_Quinn_01.uexp" 616
"D:/Unreal/LostWaves/Content/Characters/Mannequins/Textures/Quinn/T_Quinn_02ID_N.ubulk" 617
"D:/Unreal/LostWaves/Content/Characters/Mannequins/Textures/Quinn/T_Quinn_02ID_N.uasset" 618
"D:/Unreal/LostWaves/Content/Characters/Mannequins/Textures/Quinn/T_Quinn_02ID_N.uexp" 619
"D:/Unreal/LostWaves/Content/Characters/Mannequins/Materials/Instances/Quinn/MI_Quinn_02.uasset" 620
"D:/Unreal/LostWaves/Content/Characters/Mannequins/Materials/Instances/Quinn/MI_Quinn_02.uexp" 621
"D:/Unreal/LostWaves/Content/Characters/Mannequins/Rigs/PA_Mannequin.uasset" 622
"D:/Unreal/LostWaves/Content/Characters/Mannequins/Rigs/PA_Mannequin.uexp" 623
"D:/Unreal/LostWaves/Content/Characters/Mannequins/Meshes/SKM_Quinn_Simple.uasset" 624
"D:/Unreal/LostWaves/Content/Characters/Mannequins/Meshes/SKM_Quinn_Simple.uexp" 625
"D:/Unreal/LostWaves/Content/ThirdPerson/Input/Actions/IA_Jump.uasset" 626
"D:/Unreal/LostWaves/Content/ThirdPerson/Input/Actions/IA_Jump.uexp" 627
"D:/Unreal/LostWaves/Content/ThirdPerson/Input/Actions/IA_Look.uasset" 628
"D:/Unreal/LostWaves/Content/ThirdPerson/Input/Actions/IA_Look.uexp" 629
"D:/Unreal/LostWaves/Content/ThirdPerson/Input/Actions/IA_Move.uasset" 630
"D:/Unreal/LostWaves/Content/ThirdPerson/Input/Actions/IA_Move.uexp" 631
"D:/Unreal/LostWaves/Content/ThirdPerson/Input/IMC_Default.uasset" 632
"D:/Unreal/LostWaves/Content/ThirdPerson/Input/IMC_Default.uexp" 633
"../../../Engine/Content/Animation/DefaultAnimCurveCompressionSettings.uasset" 634
"../../../Engine/Content/Animation/DefaultAnimCurveCompressionSettings.uexp" 635
"../../../Engine/Content/Animation/DefaultAnimBoneCompressionSettings.uasset" 636
"../../../Engine/Content/Animation/DefaultAnimBoneCompressionSettings.uexp" 637
"D:/Unreal/LostWaves/Content/Characters/Mannequins/Animations/Quinn/MF_Run_Fwd.uasset" 638
"D:/Unreal/LostWaves/Content/Characters/Mannequins/Animations/Quinn/MF_Run_Fwd.uexp" 639
"D:/Unreal/LostWaves/Content/Characters/Mannequins/Animations/Quinn/MF_Walk_Fwd.uasset" 640
"D:/Unreal/LostWaves/Content/Characters/Mannequins/Animations/Quinn/MF_Walk_Fwd.uexp" 641
"../../../Engine/Content/Animation/DefaultRecorderBoneCompression.uasset" 642
"../../../Engine/Content/Animation/DefaultRecorderBoneCompression.uexp" 643
"D:/Unreal/LostWaves/Content/Characters/Mannequins/Animations/Manny/MM_Walk_InPlace.uasset" 644
"D:/Unreal/LostWaves/Content/Characters/Mannequins/Animations/Manny/MM_Walk_InPlace.uexp" 645
"D:/Unreal/LostWaves/Content/Characters/Mannequins/Animations/Quinn/BS_MF_Unarmed_WalkRun.uasset" 646
"D:/Unreal/LostWaves/Content/Characters/Mannequins/Animations/Quinn/BS_MF_Unarmed_WalkRun.uexp" 647
"D:/Unreal/LostWaves/Content/Characters/Mannequins/Animations/Quinn/MF_Idle.uasset" 648
"D:/Unreal/LostWaves/Content/Characters/Mannequins/Animations/Quinn/MF_Idle.uexp" 649
"D:/Unreal/LostWaves/Content/Characters/Mannequins/Animations/Manny/MM_Fall_Loop.uasset" 650
"D:/Unreal/LostWaves/Content/Characters/Mannequins/Animations/Manny/MM_Fall_Loop.uexp" 651
"D:/Unreal/LostWaves/Content/Characters/Mannequins/Animations/Manny/MM_Jump.uasset" 652
"D:/Unreal/LostWaves/Content/Characters/Mannequins/Animations/Manny/MM_Jump.uexp" 653
"../../../Engine/Plugins/Animation/ControlRig/Content/Controls/DefaultGizmoLibrary.uasset" 654
"../../../Engine/Plugins/Animation/ControlRig/Content/Controls/DefaultGizmoLibrary.uexp" 655
"D:/Unreal/LostWaves/Content/Characters/Mannequins/Rigs/CR_Mannequin_BasicFootIK.uasset" 656
"D:/Unreal/LostWaves/Content/Characters/Mannequins/Rigs/CR_Mannequin_BasicFootIK.uexp" 657
"D:/Unreal/LostWaves/Content/Characters/Mannequins/Animations/Manny/MM_Run_Fwd.uasset" 658
"D:/Unreal/LostWaves/Content/Characters/Mannequins/Animations/Manny/MM_Run_Fwd.uexp" 659
"D:/Unreal/LostWaves/Content/Characters/Mannequins/Animations/Manny/MM_Walk_Fwd.uasset" 660
"D:/Unreal/LostWaves/Content/Characters/Mannequins/Animations/Manny/MM_Walk_Fwd.uexp" 661
"D:/Unreal/LostWaves/Content/Characters/Mannequins/Animations/Manny/BS_MM_WalkRun.uasset" 662
"D:/Unreal/LostWaves/Content/Characters/Mannequins/Animations/Manny/BS_MM_WalkRun.uexp" 663
"D:/Unreal/LostWaves/Content/Characters/Mannequins/Animations/Manny/MM_Land.uasset" 664
"D:/Unreal/LostWaves/Content/Characters/Mannequins/Animations/Manny/MM_Land.uexp" 665
"D:/Unreal/LostWaves/Content/Characters/Mannequins/Animations/Manny/MM_Idle.uasset" 666
"D:/Unreal/LostWaves/Content/Characters/Mannequins/Animations/Manny/MM_Idle.uexp" 667
"D:/Unreal/LostWaves/Content/Characters/Mannequins/Animations/ABP_Manny.uasset" 668
"D:/Unreal/LostWaves/Content/Characters/Mannequins/Animations/ABP_Manny.uexp" 669
"D:/Unreal/LostWaves/Content/Characters/Mannequins/Animations/ABP_Quinn.uasset" 670
"D:/Unreal/LostWaves/Content/Characters/Mannequins/Animations/ABP_Quinn.uexp" 671
"D:/Unreal/LostWaves/Content/ThirdPerson/Blueprints/BP_ThirdPersonCharacter.uasset" 672
"D:/Unreal/LostWaves/Content/ThirdPerson/Blueprints/BP_ThirdPersonCharacter.uexp" 673
"../../../Engine/Content/MobileResources/HUD/VirtualJoystick_Background.uasset" 674
"../../../Engine/Content/MobileResources/HUD/VirtualJoystick_Background.uexp" 675
"../../../Engine/Content/MobileResources/HUD/VirtualJoystick_Thumb.uasset" 676
"../../../Engine/Content/MobileResources/HUD/VirtualJoystick_Thumb.uexp" 677
"../../../Engine/Content/MobileResources/HUD/DefaultVirtualJoysticks.uasset" 678
"../../../Engine/Content/MobileResources/HUD/DefaultVirtualJoysticks.uexp" 679
"../../../Engine/Content/EngineSky/VolumetricClouds/CloudWeatherTexture.uasset" 680
"../../../Engine/Content/EngineSky/VolumetricClouds/CloudWeatherTexture.uexp" 681
"../../../Engine/Content/Functions/Engine_MaterialFunctions02/Utility/MakeFloat2.uasset" 682
"../../../Engine/Content/Functions/Engine_MaterialFunctions02/Utility/MakeFloat2.uexp" 683
"../../../Engine/Content/EngineSky/VolumetricClouds/CloudGradientTexture.uasset" 684
"../../../Engine/Content/EngineSky/VolumetricClouds/CloudGradientTexture.uexp" 685
"../../../Engine/Content/EngineSky/VolumetricClouds/T_NoiseShape64.ubulk" 686
"../../../Engine/Content/EngineSky/VolumetricClouds/T_NoiseShape64.uasset" 687
"../../../Engine/Content/EngineSky/VolumetricClouds/T_NoiseShape64.uexp" 688
"../../../Engine/Content/EngineSky/VolumetricClouds/T_VolumeNoiseShape64.uasset" 689
"../../../Engine/Content/EngineSky/VolumetricClouds/T_VolumeNoiseShape64.uexp" 690
"../../../Engine/Content/EngineSky/VolumetricClouds/T_NoiseErosion.ubulk" 691
"../../../Engine/Content/EngineSky/VolumetricClouds/T_NoiseErosion.uasset" 692
"../../../Engine/Content/EngineSky/VolumetricClouds/T_NoiseErosion.uexp" 693
"../../../Engine/Content/EngineSky/VolumetricClouds/T_VolumeNoiseErosion32.uasset" 694
"../../../Engine/Content/EngineSky/VolumetricClouds/T_VolumeNoiseErosion32.uexp" 695
"../../../Engine/Content/EngineSky/VolumetricClouds/m_SimpleVolumetricCloud.uasset" 696
"../../../Engine/Content/EngineSky/VolumetricClouds/m_SimpleVolumetricCloud.uexp" 697
"../../../Engine/Content/EngineSky/VolumetricClouds/m_SimpleVolumetricCloud_Inst.uasset" 698
"../../../Engine/Content/EngineSky/VolumetricClouds/m_SimpleVolumetricCloud_Inst.uexp" 699
"../../../Engine/Content/EngineResources/FilmGrains/Marcie_Grain_v3_128_M2_000.uasset" 700
"../../../Engine/Content/EngineResources/FilmGrains/Marcie_Grain_v3_128_M2_000.uexp" 701
"../../../Engine/Content/EditorResources/SequenceRecorder/RecordingIndicator.uasset" 702
"../../../Engine/Content/EditorResources/SequenceRecorder/RecordingIndicator.uexp" 703
"../../../Engine/Content/EditorResources/SequenceRecorder/Countdown.uasset" 704
"../../../Engine/Content/EditorResources/SequenceRecorder/Countdown.uexp" 705
"D:/Unreal/LostWaves/Content/LevelPrototyping/Textures/T_GridChecker_A.ubulk" 706
"D:/Unreal/LostWaves/Content/LevelPrototyping/Textures/T_GridChecker_A.uasset" 707
"D:/Unreal/LostWaves/Content/LevelPrototyping/Textures/T_GridChecker_A.uexp" 708
"../../../Engine/Content/Functions/Engine_MaterialFunctions02/Utility/MakeFloat3.uasset" 709
"../../../Engine/Content/Functions/Engine_MaterialFunctions02/Utility/MakeFloat3.uexp" 710
"../../../Engine/Content/Functions/Engine_MaterialFunctions01/Gradient/LinearGradient.uasset" 711
"../../../Engine/Content/Functions/Engine_MaterialFunctions01/Gradient/LinearGradient.uexp" 712
"../../../Engine/Content/Functions/Engine_MaterialFunctions01/ImageAdjustment/CheapContrast.uasset" 713
"../../../Engine/Content/Functions/Engine_MaterialFunctions01/ImageAdjustment/CheapContrast.uexp" 714
"D:/Unreal/LostWaves/Content/LevelPrototyping/Materials/MF_ProcGrid.uasset" 715
"D:/Unreal/LostWaves/Content/LevelPrototyping/Materials/MF_ProcGrid.uexp" 716
"D:/Unreal/LostWaves/Content/LevelPrototyping/Materials/M_PrototypeGrid.uasset" 717
"D:/Unreal/LostWaves/Content/LevelPrototyping/Materials/M_PrototypeGrid.uexp" 718
"D:/Unreal/LostWaves/Content/LevelPrototyping/Materials/MI_PrototypeGrid_Gray.uasset" 719
"D:/Unreal/LostWaves/Content/LevelPrototyping/Materials/MI_PrototypeGrid_Gray.uexp" 720
"D:/Unreal/LostWaves/Content/LevelPrototyping/Meshes/SM_Ramp.ubulk" 721
"D:/Unreal/LostWaves/Content/LevelPrototyping/Meshes/SM_Ramp.uasset" 722
"D:/Unreal/LostWaves/Content/LevelPrototyping/Meshes/SM_Ramp.uexp" 723
"D:/Unreal/LostWaves/Content/LevelPrototyping/Meshes/SM_QuarterCylinder.ubulk" 724
"D:/Unreal/LostWaves/Content/LevelPrototyping/Meshes/SM_QuarterCylinder.uasset" 725
"D:/Unreal/LostWaves/Content/LevelPrototyping/Meshes/SM_QuarterCylinder.uexp" 726
"D:/Unreal/LostWaves/Content/LevelPrototyping/Meshes/SM_Cube.ubulk" 727
"D:/Unreal/LostWaves/Content/LevelPrototyping/Meshes/SM_Cube.uasset" 728
"D:/Unreal/LostWaves/Content/LevelPrototyping/Meshes/SM_Cube.uexp" 729
"D:/Unreal/LostWaves/Content/LevelPrototyping/Materials/M_Solid.uasset" 730
"D:/Unreal/LostWaves/Content/LevelPrototyping/Materials/M_Solid.uexp" 731
"D:/Unreal/LostWaves/Content/LevelPrototyping/Materials/MI_Solid_Blue.uasset" 732
"D:/Unreal/LostWaves/Content/LevelPrototyping/Materials/MI_Solid_Blue.uexp" 733
"D:/Unreal/LostWaves/Content/LevelPrototyping/Meshes/SM_ChamferCube.ubulk" 734
"D:/Unreal/LostWaves/Content/LevelPrototyping/Meshes/SM_ChamferCube.uasset" 735
"D:/Unreal/LostWaves/Content/LevelPrototyping/Meshes/SM_ChamferCube.uexp" 736
"D:/Unreal/LostWaves/Content/LevelPrototyping/Materials/MI_PrototypeGrid_TopDark.uasset" 737
"D:/Unreal/LostWaves/Content/LevelPrototyping/Materials/MI_PrototypeGrid_TopDark.uexp" 738
"../../../Engine/Content/Maps/Templates/HLODs/HLODLayer_Merged.uasset" 739
"../../../Engine/Content/Maps/Templates/HLODs/HLODLayer_Merged.uexp" 740
"../../../Engine/Content/Functions/Engine_MaterialFunctions01/Shading/PowerToRoughness.uasset" 741
"../../../Engine/Content/Functions/Engine_MaterialFunctions01/Shading/PowerToRoughness.uexp" 742
"../../../Engine/Content/Functions/Engine_MaterialFunctions01/Shading/ConvertFromDiffSpec.uasset" 743
"../../../Engine/Content/Functions/Engine_MaterialFunctions01/Shading/ConvertFromDiffSpec.uexp" 744
"../../../Engine/Content/Maps/Templates/HLODs/HLODLayer_Instanced.uasset" 745
"../../../Engine/Content/Maps/Templates/HLODs/HLODLayer_Instanced.uexp" 746
"D:/Unreal/LostWaves/Content/Level/Level_Test.uexp" 747
"D:/Unreal/LostWaves/Content/Level/Level_Test.umap" 748
"D:/Unreal/LostWaves/Content/Texture/T_Popup_Bg.uasset" 749
"D:/Unreal/LostWaves/Content/Texture/T_Popup_Bg.uexp" 750
"D:/Unreal/LostWaves/Content/Texture/T_Logo_Big.ubulk" 751
"D:/Unreal/LostWaves/Content/Texture/T_Logo_Big.uasset" 752
"D:/Unreal/LostWaves/Content/Texture/T_Logo_Big.uexp" 753
"D:/Unreal/LostWaves/Content/Texture/T_Google_Logo.uasset" 754
"D:/Unreal/LostWaves/Content/Texture/T_Google_Logo.uexp" 755
"D:/Unreal/LostWaves/Content/Texture/T_Btn_On.uasset" 756
"D:/Unreal/LostWaves/Content/Texture/T_Btn_On.uexp" 757
"D:/Unreal/LostWaves/Content/Font/Pretendard-Regular.uexp" 758
"D:/Unreal/LostWaves/Content/Font/Pretendard-Regular.uasset" 759
"D:/Unreal/LostWaves/Content/Font/Pretendard-Regular.ufont" 760
"D:/Unreal/LostWaves/Content/Font/Pretendard-Regular_Font.uasset" 761
"D:/Unreal/LostWaves/Content/Font/Pretendard-Regular_Font.uexp" 762
"D:/Unreal/LostWaves/Content/Texture/T_Login_BG.uasset" 763
"D:/Unreal/LostWaves/Content/Texture/T_Login_BG.uexp" 764
"D:/Unreal/LostWaves/Content/Texture/T_Guest_Logo.ubulk" 765
"D:/Unreal/LostWaves/Content/Texture/T_Guest_Logo.uasset" 766
"D:/Unreal/LostWaves/Content/Texture/T_Guest_Logo.uexp" 767
"D:/Unreal/LostWaves/Content/Texture/T_Btn_Off.uasset" 768
"D:/Unreal/LostWaves/Content/Texture/T_Btn_Off.uexp" 769
"D:/Unreal/LostWaves/Content/Blueprint/UI/WBP_Login.uasset" 770
"D:/Unreal/LostWaves/Content/Blueprint/UI/WBP_Login.uexp" 771
"D:/Unreal/LostWaves/Content/Blueprint/Game/BP_LoginPlayerController.uasset" 772
"D:/Unreal/LostWaves/Content/Blueprint/Game/BP_LoginPlayerController.uexp" 773
"D:/Unreal/LostWaves/Content/Blueprint/Game/BP_LoginGameMode.uasset" 774
"D:/Unreal/LostWaves/Content/Blueprint/Game/BP_LoginGameMode.uexp" 775
"D:/Unreal/LostWaves/Content/Level/Level_Login.uexp" 776
"D:/Unreal/LostWaves/Content/Level/Level_Login.umap" 777
