"../../../Engine/Content/EditorResources/S_Actor.uasset" 0
"../../../Engine/Content/EditorResources/S_Actor.uexp" 1
"../../../Engine/Content/EditorResources/S_BoxReflectionCapture.uasset" 2
"../../../Engine/Content/EditorResources/S_BoxReflectionCapture.uexp" 3
"../../../Engine/Content/EngineResources/DefaultTexture.uasset" 4
"../../../Engine/Content/EngineResources/DefaultTexture.uexp" 5
"../../../Engine/Content/EngineResources/DefaultTextureCube.uasset" 6
"../../../Engine/Content/EngineResources/DefaultTextureCube.uexp" 7
"../../../Engine/Content/EngineResources/DefaultVolumeTexture2D.uasset" 8
"../../../Engine/Content/EngineResources/DefaultVolumeTexture2D.uexp" 9
"../../../Engine/Content/EngineResources/DefaultVolumeTexture.uasset" 10
"../../../Engine/Content/EngineResources/DefaultVolumeTexture.uexp" 11
"../../../Engine/Content/EditorResources/S_Trigger.uasset" 12
"../../../Engine/Content/EditorResources/S_Trigger.uexp" 13
"../../../Engine/Content/EditorResources/S_TriggerBox.uasset" 14
"../../../Engine/Content/EditorResources/S_TriggerBox.uexp" 15
"../../../Engine/Content/EditorResources/S_TriggerCapsule.uasset" 16
"../../../Engine/Content/EditorResources/S_TriggerCapsule.uexp" 17
"../../../Engine/Content/EditorResources/S_TriggerSphere.uasset" 18
"../../../Engine/Content/EditorResources/S_TriggerSphere.uexp" 19
"../../../Engine/Content/EngineMeshes/Sphere.uasset" 20
"../../../Engine/Content/EngineMeshes/Sphere.uexp" 21
"../../../Engine/Content/EngineResources/GradientTexture0.uasset" 22
"../../../Engine/Content/EngineResources/GradientTexture0.uexp" 23
"../../../Engine/Content/EngineResources/Black.uasset" 24
"../../../Engine/Content/EngineResources/Black.uexp" 25
"../../../Engine/Content/VREditor/LaserPointer/VR_LaserPower_01.uasset" 26
"../../../Engine/Content/VREditor/LaserPointer/VR_LaserPower_01.uexp" 27
"../../../Engine/Content/VREditor/TransformGizmo/TransformGizmoMaterial.uasset" 28
"../../../Engine/Content/VREditor/TransformGizmo/TransformGizmoMaterial.uexp" 29
"../../../Engine/Content/VREditor/TransformGizmo/TranslucentTransformGizmoMaterial.uasset" 30
"../../../Engine/Content/VREditor/TransformGizmo/TranslucentTransformGizmoMaterial.uexp" 31
"../../../Engine/Content/VREditor/TransformGizmo/PlaneTranslationHandle.uasset" 32
"../../../Engine/Content/VREditor/TransformGizmo/PlaneTranslationHandle.uexp" 33
"../../../Engine/Content/VREditor/TransformGizmo/BoundingBoxCorner.uasset" 34
"../../../Engine/Content/VREditor/TransformGizmo/BoundingBoxCorner.uexp" 35
"../../../Engine/Content/VREditor/TransformGizmo/BoundingBoxEdge.uasset" 36
"../../../Engine/Content/VREditor/TransformGizmo/BoundingBoxEdge.uexp" 37
"../../../Engine/Content/VREditor/TransformGizmo/Main.uasset" 38
"../../../Engine/Content/VREditor/TransformGizmo/Main.uexp" 39
"../../../Engine/Content/VREditor/TransformGizmo/Xray.uasset" 40
"../../../Engine/Content/VREditor/TransformGizmo/Xray.uexp" 41
"../../../Engine/Content/VREditor/TransformGizmo/SM_Sequencer_Node.uasset" 42
"../../../Engine/Content/VREditor/TransformGizmo/SM_Sequencer_Node.uexp" 43
"../../../Engine/Content/EditorMaterials/Camera/CineMat.uasset" 44
"../../../Engine/Content/EditorMaterials/Camera/CineMat.uexp" 45
"../../../Engine/Content/EditorMaterials/Camera/MI_CineMat_Rig.uasset" 46
"../../../Engine/Content/EditorMaterials/Camera/MI_CineMat_Rig.uexp" 47
"../../../Engine/Content/EditorMeshes/Camera/SM_CraneRig_Base.uasset" 48
"../../../Engine/Content/EditorMeshes/Camera/SM_CraneRig_Base.uexp" 49
"../../../Engine/Content/EditorMeshes/Camera/SM_CraneRig_Arm.uasset" 50
"../../../Engine/Content/EditorMeshes/Camera/SM_CraneRig_Arm.uexp" 51
"../../../Engine/Content/EditorMeshes/Camera/SM_CraneRig_Mount.uasset" 52
"../../../Engine/Content/EditorMeshes/Camera/SM_CraneRig_Mount.uexp" 53
"../../../Engine/Content/EditorMeshes/Camera/SM_CraneRig_Body.uasset" 54
"../../../Engine/Content/EditorMeshes/Camera/SM_CraneRig_Body.uexp" 55
"../../../Engine/Content/EditorMeshes/Camera/SM_RailRig_Track.uasset" 56
"../../../Engine/Content/EditorMeshes/Camera/SM_RailRig_Track.uexp" 57
"../../../Engine/Content/EditorMeshes/Camera/SM_RailRig_Mount.uasset" 58
"../../../Engine/Content/EditorMeshes/Camera/SM_RailRig_Mount.uexp" 59
"../../../Engine/Content/EngineMaterials/T_Default_Material_Grid_M.uasset" 60
"../../../Engine/Content/EngineMaterials/T_Default_Material_Grid_M.uexp" 61
"../../../Engine/Content/EngineMaterials/T_Default_Material_Grid_N.uasset" 62
"../../../Engine/Content/EngineMaterials/T_Default_Material_Grid_N.uexp" 63
"../../../Engine/Content/Functions/Engine_MaterialFunctions01/Opacity/CameraDepthFade.uasset" 64
"../../../Engine/Content/Functions/Engine_MaterialFunctions01/Opacity/CameraDepthFade.uexp" 65
"../../../Engine/Content/EngineMaterials/WorldGridMaterial.uasset" 66
"../../../Engine/Content/EngineMaterials/WorldGridMaterial.uexp" 67
"../../../Engine/Content/ArtTools/RenderToTexture/Meshes/S_1_Unit_Plane.uasset" 68
"../../../Engine/Content/ArtTools/RenderToTexture/Meshes/S_1_Unit_Plane.uexp" 69
"../../../Engine/Content/EditorMaterials/ParticleSystems/PSysThumbnail_NoImage.uasset" 70
"../../../Engine/Content/EditorMaterials/ParticleSystems/PSysThumbnail_NoImage.uexp" 71
"../../../Engine/Content/EditorMaterials/ParticleSystems/PSysThumbnail_OOD.uasset" 72
"../../../Engine/Content/EditorMaterials/ParticleSystems/PSysThumbnail_OOD.uexp" 73
"../../../Engine/Content/EditorLandscapeResources/SplineEditorMeshMat.uasset" 74
"../../../Engine/Content/EditorLandscapeResources/SplineEditorMeshMat.uexp" 75
"../../../Engine/Content/EditorLandscapeResources/SplineEditorMesh.uasset" 76
"../../../Engine/Content/EditorLandscapeResources/SplineEditorMesh.uexp" 77
"../../../Engine/Content/EditorResources/S_Solver.uasset" 78
"../../../Engine/Content/EditorResources/S_Solver.uexp" 79
"../../../Engine/Plugins/Media/MediaPlate/Content/SM_MediaPlateScreen.uasset" 80
"../../../Engine/Plugins/Media/MediaPlate/Content/SM_MediaPlateScreen.uexp" 81
"../../../Engine/Content/EngineMaterials/Good64x64TilingNoiseHighFreq.uasset" 82
"../../../Engine/Content/EngineMaterials/Good64x64TilingNoiseHighFreq.uexp" 83
"../../../Engine/Content/EngineMaterials/DefaultBokeh.uasset" 84
"../../../Engine/Content/EngineMaterials/DefaultBokeh.uexp" 85
"../../../Engine/Content/EngineMaterials/PreintegratedSkinBRDF.uasset" 86
"../../../Engine/Content/EngineMaterials/PreintegratedSkinBRDF.uexp" 87
"../../../Engine/Content/EngineMaterials/MiniFont.uasset" 88
"../../../Engine/Content/EngineMaterials/MiniFont.uexp" 89
"../../../Engine/Content/EngineMaterials/WeightMapPlaceholderTexture.uasset" 90
"../../../Engine/Content/EngineMaterials/WeightMapPlaceholderTexture.uexp" 91
"../../../Engine/Content/EngineMaterials/DefaultWhiteGrid.uasset" 92
"../../../Engine/Content/EngineMaterials/DefaultWhiteGrid.uexp" 93
"../../../Engine/Plugins/2D/Paper2D/Content/PlaceholderTextures/DummySpriteTexture.uasset" 94
"../../../Engine/Plugins/2D/Paper2D/Content/PlaceholderTextures/DummySpriteTexture.uexp" 95
"../../../Engine/Plugins/2D/Paper2D/Content/DefaultSpriteMaterial.uasset" 96
"../../../Engine/Plugins/2D/Paper2D/Content/DefaultSpriteMaterial.uexp" 97
"../../../Engine/Plugins/2D/Paper2D/Content/OpaqueUnlitSpriteMaterial.uasset" 98
"../../../Engine/Plugins/2D/Paper2D/Content/OpaqueUnlitSpriteMaterial.uexp" 99
"../../../Engine/Plugins/2D/Paper2D/Content/MaskedUnlitSpriteMaterial.uasset" 100
"../../../Engine/Plugins/2D/Paper2D/Content/MaskedUnlitSpriteMaterial.uexp" 101
"../../../Engine/Plugins/2D/Paper2D/Content/DummySprite.uasset" 102
"../../../Engine/Plugins/2D/Paper2D/Content/DummySprite.uexp" 103
"../../../Engine/Plugins/2D/Paper2D/Content/DefaultPaperTerrainMaterial.uasset" 104
"../../../Engine/Plugins/2D/Paper2D/Content/DefaultPaperTerrainMaterial.uexp" 105
"../../../Engine/Content/Functions/Engine_MaterialFunctions02/WorldPositionOffset/CameraOffset.uasset" 106
"../../../Engine/Content/Functions/Engine_MaterialFunctions02/WorldPositionOffset/CameraOffset.uexp" 107
"../../../Engine/Plugins/Animation/ControlRig/Content/M_Manip.uasset" 108
"../../../Engine/Plugins/Animation/ControlRig/Content/M_Manip.uexp" 109
"../../../Engine/Content/EditorMaterials/PreviewShadowIndicator.uasset" 110
"../../../Engine/Content/EditorMaterials/PreviewShadowIndicator.uexp" 111
"../../../Engine/Content/EditorMaterials/PreviewShadowIndicatorMaterial.uasset" 112
"../../../Engine/Content/EditorMaterials/PreviewShadowIndicatorMaterial.uexp" 113
"../../../Engine/Content/EditorMaterials/PhAT_UnselectedMaterial.uasset" 114
"../../../Engine/Content/EditorMaterials/PhAT_UnselectedMaterial.uexp" 115
"../../../Engine/Content/EditorMaterials/PhAT_NoCollisionMaterial.uasset" 116
"../../../Engine/Content/EditorMaterials/PhAT_NoCollisionMaterial.uexp" 117
"../../../Engine/Plugins/Runtime/MeshModelingToolset/Content/Materials/M_DynamicMeshComponentVtxColor.uasset" 118
"../../../Engine/Plugins/Runtime/MeshModelingToolset/Content/Materials/M_DynamicMeshComponentVtxColor.uexp" 119
"../../../Engine/Plugins/Interchange/Runtime/Content/Pipelines/DefaultTexturePipeline.uasset" 120
"../../../Engine/Plugins/Interchange/Runtime/Content/Pipelines/DefaultTexturePipeline.uexp" 121
"../../../Engine/Plugins/Interchange/Runtime/Content/Pipelines/DefaultSceneLevelPipeline.uasset" 122
"../../../Engine/Plugins/Interchange/Runtime/Content/Pipelines/DefaultSceneLevelPipeline.uexp" 123
"../../../Engine/Plugins/Interchange/Runtime/Content/Pipelines/DefaultSceneAssetsPipeline.uasset" 124
"../../../Engine/Plugins/Interchange/Runtime/Content/Pipelines/DefaultSceneAssetsPipeline.uexp" 125
"../../../Engine/Plugins/Interchange/Runtime/Content/Pipelines/DefaultMaterialPipeline.uasset" 126
"../../../Engine/Plugins/Interchange/Runtime/Content/Pipelines/DefaultMaterialPipeline.uexp" 127
"../../../Engine/Plugins/Interchange/Runtime/Content/Pipelines/DefaultAssetsPipeline.uasset" 128
"../../../Engine/Plugins/Interchange/Runtime/Content/Pipelines/DefaultAssetsPipeline.uexp" 129
"../../../Engine/Plugins/Editor/SpeedTreeImporter/Content/SpeedTree9/game_wind_noise.uasset" 130
"../../../Engine/Plugins/Editor/SpeedTreeImporter/Content/SpeedTree9/game_wind_noise.uexp" 131
"../../../Engine/Plugins/Editor/SpeedTreeImporter/Content/SpeedTree9/UnpackDirection.uasset" 132
"../../../Engine/Plugins/Editor/SpeedTreeImporter/Content/SpeedTree9/UnpackDirection.uexp" 133
"../../../Engine/Content/Functions/Engine_MaterialFunctions02/ObjectLocalBounds.uasset" 134
"../../../Engine/Content/Functions/Engine_MaterialFunctions02/ObjectLocalBounds.uexp" 135
"../../../Engine/Content/Functions/Engine_MaterialFunctions02/Utility/BreakOutFloat3Components.uasset" 136
"../../../Engine/Content/Functions/Engine_MaterialFunctions02/Utility/BreakOutFloat3Components.uexp" 137
"../../../Engine/Content/Functions/Engine_MaterialFunctions02/UVs/BoundingBoxBased_0-1_UVW.uasset" 138
"../../../Engine/Content/Functions/Engine_MaterialFunctions02/UVs/BoundingBoxBased_0-1_UVW.uexp" 139
"../../../Engine/Content/Functions/Engine_MaterialFunctions02/Utility/VectorLength.uasset" 140
"../../../Engine/Content/Functions/Engine_MaterialFunctions02/Utility/VectorLength.uexp" 141
"../../../Engine/Plugins/Editor/SpeedTreeImporter/Content/SpeedTree9/UnpackInteger3.uasset" 142
"../../../Engine/Plugins/Editor/SpeedTreeImporter/Content/SpeedTree9/UnpackInteger3.uexp" 143
"../../../Engine/Plugins/Editor/SpeedTreeImporter/Content/SpeedTree9/SpeedTreeCameraFacing.uasset" 144
"../../../Engine/Plugins/Editor/SpeedTreeImporter/Content/SpeedTree9/SpeedTreeCameraFacing.uexp" 145
"../../../Engine/Content/Functions/Engine_MaterialFunctions02/WorldPositionOffset/ObjectScale.uasset" 146
"../../../Engine/Content/Functions/Engine_MaterialFunctions02/WorldPositionOffset/ObjectScale.uexp" 147
"../../../Engine/Content/Functions/Engine_MaterialFunctions02/SafeNormalize.uasset" 148
"../../../Engine/Content/Functions/Engine_MaterialFunctions02/SafeNormalize.uexp" 149
"../../../Engine/Plugins/Editor/SpeedTreeImporter/Content/SpeedTree9/SpeedTreeWindMotion.uasset" 150
"../../../Engine/Plugins/Editor/SpeedTreeImporter/Content/SpeedTree9/SpeedTreeWindMotion.uexp" 151
"../../../Engine/Plugins/Editor/SpeedTreeImporter/Content/SpeedTree9/SpeedTreeBranchMotion.uasset" 152
"../../../Engine/Plugins/Editor/SpeedTreeImporter/Content/SpeedTree9/SpeedTreeBranchMotion.uexp" 153
"../../../Engine/Plugins/Editor/SpeedTreeImporter/Content/SpeedTree9/SpeedTreeWind.uasset" 154
"../../../Engine/Plugins/Editor/SpeedTreeImporter/Content/SpeedTree9/SpeedTreeWind.uexp" 155
"../../../Engine/Plugins/Editor/SpeedTreeImporter/Content/SpeedTree9/EmptyNormal.uasset" 156
"../../../Engine/Plugins/Editor/SpeedTreeImporter/Content/SpeedTree9/EmptyNormal.uexp" 157
"../../../Engine/Plugins/Editor/SpeedTreeImporter/Content/SpeedTree9/Empty.uasset" 158
"../../../Engine/Plugins/Editor/SpeedTreeImporter/Content/SpeedTree9/Empty.uexp" 159
"../../../Engine/Plugins/Editor/SpeedTreeImporter/Content/SpeedTree9/SpeedTreeMaster.uasset" 160
"../../../Engine/Plugins/Editor/SpeedTreeImporter/Content/SpeedTree9/SpeedTreeMaster.uexp" 161
"../../../Engine/Plugins/Editor/SpeedTreeImporter/Content/SpeedTree9/SpeedTreeBillboard.uasset" 162
"../../../Engine/Plugins/Editor/SpeedTreeImporter/Content/SpeedTree9/SpeedTreeBillboard.uexp" 163
"../../../Engine/Plugins/Editor/SpeedTreeImporter/Content/SpeedTree9/SpeedTreeBillboardMaster.uasset" 164
"../../../Engine/Plugins/Editor/SpeedTreeImporter/Content/SpeedTree9/SpeedTreeBillboardMaster.uexp" 165
"../../../Engine/Plugins/Animation/ControlRig/Content/Controls/DefaultGizmoLibraryNormalized.uasset" 166
"../../../Engine/Plugins/Animation/ControlRig/Content/Controls/DefaultGizmoLibraryNormalized.uexp" 167
"../../../Engine/Plugins/Animation/ControlRig/Content/Controls/ControlRig_Wedge_solid.uasset" 168
"../../../Engine/Plugins/Animation/ControlRig/Content/Controls/ControlRig_Wedge_solid.uexp" 169
"../../../Engine/Plugins/Animation/ControlRig/Content/Controls/ControlRig_Wedge_3mm.uasset" 170
"../../../Engine/Plugins/Animation/ControlRig/Content/Controls/ControlRig_Wedge_3mm.uexp" 171
"../../../Engine/Plugins/Animation/ControlRig/Content/Controls/ControlRig_Wedge_1mm.uasset" 172
"../../../Engine/Plugins/Animation/ControlRig/Content/Controls/ControlRig_Wedge_1mm.uexp" 173
"../../../Engine/Plugins/Animation/ControlRig/Content/Controls/ControlRig_Triangle_solid.uasset" 174
"../../../Engine/Plugins/Animation/ControlRig/Content/Controls/ControlRig_Triangle_solid.uexp" 175
"../../../Engine/Plugins/Animation/ControlRig/Content/Controls/ControlRig_Triangle_3mm.uasset" 176
"../../../Engine/Plugins/Animation/ControlRig/Content/Controls/ControlRig_Triangle_3mm.uexp" 177
"../../../Engine/Plugins/Animation/ControlRig/Content/Controls/ControlRig_Triangle_1mm.uasset" 178
"../../../Engine/Plugins/Animation/ControlRig/Content/Controls/ControlRig_Triangle_1mm.uexp" 179
"../../../Engine/Plugins/Animation/ControlRig/Content/Controls/ControlRig_Star4_solid.uasset" 180
"../../../Engine/Plugins/Animation/ControlRig/Content/Controls/ControlRig_Star4_solid.uexp" 181
"../../../Engine/Plugins/Animation/ControlRig/Content/Controls/ControlRig_Star4_3mm.uasset" 182
"../../../Engine/Plugins/Animation/ControlRig/Content/Controls/ControlRig_Star4_3mm.uexp" 183
"../../../Engine/Plugins/Animation/ControlRig/Content/Controls/ControlRig_Star4_1mm.uasset" 184
"../../../Engine/Plugins/Animation/ControlRig/Content/Controls/ControlRig_Star4_1mm.uexp" 185
"../../../Engine/Plugins/Animation/ControlRig/Content/Controls/ControlRig_Square_solid.uasset" 186
"../../../Engine/Plugins/Animation/ControlRig/Content/Controls/ControlRig_Square_solid.uexp" 187
"../../../Engine/Plugins/Animation/ControlRig/Content/Controls/ControlRig_Square_3mm.uasset" 188
"../../../Engine/Plugins/Animation/ControlRig/Content/Controls/ControlRig_Square_3mm.uexp" 189
"../../../Engine/Plugins/Animation/ControlRig/Content/Controls/ControlRig_Square_1mm.uasset" 190
"../../../Engine/Plugins/Animation/ControlRig/Content/Controls/ControlRig_Square_1mm.uexp" 191
"../../../Engine/Plugins/Animation/ControlRig/Content/Controls/ControlRig_Sphere_solid.uasset" 192
"../../../Engine/Plugins/Animation/ControlRig/Content/Controls/ControlRig_Sphere_solid.uexp" 193
"../../../Engine/Plugins/Animation/ControlRig/Content/Controls/ControlRig_Sphere_3mm.uasset" 194
"../../../Engine/Plugins/Animation/ControlRig/Content/Controls/ControlRig_Sphere_3mm.uexp" 195
"../../../Engine/Plugins/Animation/ControlRig/Content/Controls/ControlRig_Sphere_1mm.uasset" 196
"../../../Engine/Plugins/Animation/ControlRig/Content/Controls/ControlRig_Sphere_1mm.uexp" 197
"../../../Engine/Plugins/Animation/ControlRig/Content/Controls/ControlRig_RoundedTriangle_solid.uasset" 198
"../../../Engine/Plugins/Animation/ControlRig/Content/Controls/ControlRig_RoundedTriangle_solid.uexp" 199
"../../../Engine/Plugins/Animation/ControlRig/Content/Controls/ControlRig_RoundedTriangle_3mm.uasset" 200
"../../../Engine/Plugins/Animation/ControlRig/Content/Controls/ControlRig_RoundedTriangle_3mm.uexp" 201
"../../../Engine/Plugins/Animation/ControlRig/Content/Controls/ControlRig_RoundedTriangle_1mm.uasset" 202
"../../../Engine/Plugins/Animation/ControlRig/Content/Controls/ControlRig_RoundedTriangle_1mm.uexp" 203
"../../../Engine/Plugins/Animation/ControlRig/Content/Controls/ControlRig_RoundedSquare_solid.uasset" 204
"../../../Engine/Plugins/Animation/ControlRig/Content/Controls/ControlRig_RoundedSquare_solid.uexp" 205
"../../../Engine/Plugins/Animation/ControlRig/Content/Controls/ControlRig_RoundedSquare_3mm.uasset" 206
"../../../Engine/Plugins/Animation/ControlRig/Content/Controls/ControlRig_RoundedSquare_3mm.uexp" 207
"../../../Engine/Plugins/Animation/ControlRig/Content/Controls/ControlRig_RoundedSquare_1mm.uasset" 208
"../../../Engine/Plugins/Animation/ControlRig/Content/Controls/ControlRig_RoundedSquare_1mm.uexp" 209
"../../../Engine/Plugins/Animation/ControlRig/Content/Controls/ControlRig_QuarterCircle_solid.uasset" 210
"../../../Engine/Plugins/Animation/ControlRig/Content/Controls/ControlRig_QuarterCircle_solid.uexp" 211
"../../../Engine/Plugins/Animation/ControlRig/Content/Controls/ControlRig_QuarterCircle_3mm.uasset" 212
"../../../Engine/Plugins/Animation/ControlRig/Content/Controls/ControlRig_QuarterCircle_3mm.uexp" 213
"../../../Engine/Plugins/Animation/ControlRig/Content/Controls/ControlRig_QuarterCircle_1mm.uasset" 214
"../../../Engine/Plugins/Animation/ControlRig/Content/Controls/ControlRig_QuarterCircle_1mm.uexp" 215
"../../../Engine/Plugins/Animation/ControlRig/Content/Controls/ControlRig_Pyramid_solid.uasset" 216
"../../../Engine/Plugins/Animation/ControlRig/Content/Controls/ControlRig_Pyramid_solid.uexp" 217
"../../../Engine/Plugins/Animation/ControlRig/Content/Controls/ControlRig_Pyramid_3mm.uasset" 218
"../../../Engine/Plugins/Animation/ControlRig/Content/Controls/ControlRig_Pyramid_3mm.uexp" 219
"../../../Engine/Plugins/Animation/ControlRig/Content/Controls/ControlRig_Pyramid_1mm.uasset" 220
"../../../Engine/Plugins/Animation/ControlRig/Content/Controls/ControlRig_Pyramid_1mm.uexp" 221
"../../../Engine/Plugins/Animation/ControlRig/Content/Controls/ControlRig_Octagon_solid.uasset" 222
"../../../Engine/Plugins/Animation/ControlRig/Content/Controls/ControlRig_Octagon_solid.uexp" 223
"../../../Engine/Plugins/Animation/ControlRig/Content/Controls/ControlRig_Octagon_3mm.uasset" 224
"../../../Engine/Plugins/Animation/ControlRig/Content/Controls/ControlRig_Octagon_3mm.uexp" 225
"../../../Engine/Plugins/Animation/ControlRig/Content/Controls/ControlRig_Octagon_1mm.uasset" 226
"../../../Engine/Plugins/Animation/ControlRig/Content/Controls/ControlRig_Octagon_1mm.uexp" 227
"../../../Engine/Plugins/Animation/ControlRig/Content/Controls/ControlRig_Hexagon_solid.uasset" 228
"../../../Engine/Plugins/Animation/ControlRig/Content/Controls/ControlRig_Hexagon_solid.uexp" 229
"../../../Engine/Plugins/Animation/ControlRig/Content/Controls/ControlRig_Hexagon_3mm.uasset" 230
"../../../Engine/Plugins/Animation/ControlRig/Content/Controls/ControlRig_Hexagon_3mm.uexp" 231
"../../../Engine/Plugins/Animation/ControlRig/Content/Controls/ControlRig_Hexagon_1mm.uasset" 232
"../../../Engine/Plugins/Animation/ControlRig/Content/Controls/ControlRig_Hexagon_1mm.uexp" 233
"../../../Engine/Plugins/Animation/ControlRig/Content/Controls/ControlRig_HalfCircle_solid.uasset" 234
"../../../Engine/Plugins/Animation/ControlRig/Content/Controls/ControlRig_HalfCircle_solid.uexp" 235
"../../../Engine/Plugins/Animation/ControlRig/Content/Controls/ControlRig_HalfCircle_3mm.uasset" 236
"../../../Engine/Plugins/Animation/ControlRig/Content/Controls/ControlRig_HalfCircle_3mm.uexp" 237
"../../../Engine/Plugins/Animation/ControlRig/Content/Controls/ControlRig_HalfCircle_1mm.uasset" 238
"../../../Engine/Plugins/Animation/ControlRig/Content/Controls/ControlRig_HalfCircle_1mm.uexp" 239
"../../../Engine/Plugins/Animation/ControlRig/Content/Controls/ControlRig_Diamond_solid.uasset" 240
"../../../Engine/Plugins/Animation/ControlRig/Content/Controls/ControlRig_Diamond_solid.uexp" 241
"../../../Engine/Plugins/Animation/ControlRig/Content/Controls/ControlRig_Diamond_3mm.uasset" 242
"../../../Engine/Plugins/Animation/ControlRig/Content/Controls/ControlRig_Diamond_3mm.uexp" 243
"../../../Engine/Plugins/Animation/ControlRig/Content/Controls/ControlRig_Diamond_1mm.uasset" 244
"../../../Engine/Plugins/Animation/ControlRig/Content/Controls/ControlRig_Diamond_1mm.uexp" 245
"../../../Engine/Plugins/Animation/ControlRig/Content/Controls/ControlRig_Circle_solid.uasset" 246
"../../../Engine/Plugins/Animation/ControlRig/Content/Controls/ControlRig_Circle_solid.uexp" 247
"../../../Engine/Plugins/Animation/ControlRig/Content/Controls/ControlRig_Circle_3mm.uasset" 248
"../../../Engine/Plugins/Animation/ControlRig/Content/Controls/ControlRig_Circle_3mm.uexp" 249
"../../../Engine/Plugins/Animation/ControlRig/Content/Controls/ControlRig_Circle_1mm.uasset" 250
"../../../Engine/Plugins/Animation/ControlRig/Content/Controls/ControlRig_Circle_1mm.uexp" 251
"../../../Engine/Plugins/Animation/ControlRig/Content/Controls/ControlRig_Box_solid.uasset" 252
"../../../Engine/Plugins/Animation/ControlRig/Content/Controls/ControlRig_Box_solid.uexp" 253
"../../../Engine/Plugins/Animation/ControlRig/Content/Controls/ControlRig_Box_3mm.uasset" 254
"../../../Engine/Plugins/Animation/ControlRig/Content/Controls/ControlRig_Box_3mm.uexp" 255
"../../../Engine/Plugins/Animation/ControlRig/Content/Controls/ControlRig_Box_1mm.uasset" 256
"../../../Engine/Plugins/Animation/ControlRig/Content/Controls/ControlRig_Box_1mm.uexp" 257
"../../../Engine/Plugins/Animation/ControlRig/Content/Controls/ControlRig_Arrow_solid.uasset" 258
"../../../Engine/Plugins/Animation/ControlRig/Content/Controls/ControlRig_Arrow_solid.uexp" 259
"../../../Engine/Plugins/Animation/ControlRig/Content/Controls/ControlRig_Arrow_3mm.uasset" 260
"../../../Engine/Plugins/Animation/ControlRig/Content/Controls/ControlRig_Arrow_3mm.uexp" 261
"../../../Engine/Plugins/Animation/ControlRig/Content/Controls/ControlRig_Arrow_1mm.uasset" 262
"../../../Engine/Plugins/Animation/ControlRig/Content/Controls/ControlRig_Arrow_1mm.uexp" 263
"../../../Engine/Plugins/Animation/ControlRig/Content/Controls/ControlRig_Arrow4_solid.uasset" 264
"../../../Engine/Plugins/Animation/ControlRig/Content/Controls/ControlRig_Arrow4_solid.uexp" 265
"../../../Engine/Plugins/Animation/ControlRig/Content/Controls/ControlRig_Arrow4_3mm.uasset" 266
"../../../Engine/Plugins/Animation/ControlRig/Content/Controls/ControlRig_Arrow4_3mm.uexp" 267
"../../../Engine/Plugins/Animation/ControlRig/Content/Controls/ControlRig_Arrow4_1mm.uasset" 268
"../../../Engine/Plugins/Animation/ControlRig/Content/Controls/ControlRig_Arrow4_1mm.uexp" 269
"../../../Engine/Plugins/Animation/ControlRig/Content/Controls/ControlRig_Arrow2_solid.uasset" 270
"../../../Engine/Plugins/Animation/ControlRig/Content/Controls/ControlRig_Arrow2_solid.uexp" 271
"../../../Engine/Plugins/Animation/ControlRig/Content/Controls/ControlRig_Arrow2_3mm.uasset" 272
"../../../Engine/Plugins/Animation/ControlRig/Content/Controls/ControlRig_Arrow2_3mm.uexp" 273
"../../../Engine/Plugins/Animation/ControlRig/Content/Controls/ControlRig_Arrow2_1mm.uasset" 274
"../../../Engine/Plugins/Animation/ControlRig/Content/Controls/ControlRig_Arrow2_1mm.uexp" 275
"../../../Engine/Plugins/Animation/ControlRig/Content/Controls/ControlRigXRayMaterial.uasset" 276
"../../../Engine/Plugins/Animation/ControlRig/Content/Controls/ControlRigXRayMaterial.uexp" 277
"../../../Engine/Plugins/Animation/ControlRig/Content/Controls/ControlRigGizmoMaterial.uasset" 278
"../../../Engine/Plugins/Animation/ControlRig/Content/Controls/ControlRigGizmoMaterial.uexp" 279
"../../../Engine/Content/EngineSounds/Master.uasset" 280
"../../../Engine/Content/EngineSounds/Master.uexp" 281
"../../../Engine/Content/EngineSky/T_Sky_Stars.uasset" 282
"../../../Engine/Content/EngineSky/T_Sky_Stars.uexp" 283
"../../../Engine/Content/EngineSky/T_Sky_Clouds_M.uasset" 284
"../../../Engine/Content/EngineSky/T_Sky_Clouds_M.uexp" 285
"../../../Engine/Content/EngineSky/T_Sky_Blue.uasset" 286
"../../../Engine/Content/EngineSky/T_Sky_Blue.uexp" 287
"../../../Engine/Content/EngineSky/M_Sky_Panning_Clouds2.uasset" 288
"../../../Engine/Content/EngineSky/M_Sky_Panning_Clouds2.uexp" 289
"../../../Engine/Content/EngineSky/SM_SkySphere.uasset" 290
"../../../Engine/Content/EngineSky/SM_SkySphere.uexp" 291
"../../../Engine/Content/EngineSky/M_SimpleSkyDome.uasset" 292
"../../../Engine/Content/EngineSky/M_SimpleSkyDome.uexp" 293
"../../../Engine/Content/EngineResources/WhiteSquareTexture.uasset" 294
"../../../Engine/Content/EngineResources/WhiteSquareTexture.uexp" 295
"../../../Engine/Content/EngineMaterials/Widget3DPassThrough.uasset" 296
"../../../Engine/Content/EngineMaterials/Widget3DPassThrough.uexp" 297
"../../../Engine/Content/EngineMaterials/Widget3DPassThrough_Translucent.uasset" 298
"../../../Engine/Content/EngineMaterials/Widget3DPassThrough_Translucent.uexp" 299
"../../../Engine/Content/EngineMaterials/Widget3DPassThrough_Translucent_OneSided.uasset" 300
"../../../Engine/Content/EngineMaterials/Widget3DPassThrough_Translucent_OneSided.uexp" 301
"../../../Engine/Content/EngineMaterials/Widget3DPassThrough_Opaque.uasset" 302
"../../../Engine/Content/EngineMaterials/Widget3DPassThrough_Opaque.uexp" 303
"../../../Engine/Content/EngineMaterials/Widget3DPassThrough_Opaque_OneSided.uasset" 304
"../../../Engine/Content/EngineMaterials/Widget3DPassThrough_Opaque_OneSided.uexp" 305
"../../../Engine/Content/EngineMaterials/Widget3DPassThrough_Masked_OneSided.uasset" 306
"../../../Engine/Content/EngineMaterials/Widget3DPassThrough_Masked_OneSided.uexp" 307
"../../../Engine/Content/EngineMaterials/Widget3DPassThrough_Masked.uasset" 308
"../../../Engine/Content/EngineMaterials/Widget3DPassThrough_Masked.uexp" 309
"../../../Engine/Content/EngineMaterials/STBlueNoise_vec2_128x128x64.uasset" 310
"../../../Engine/Content/EngineMaterials/STBlueNoise_vec2_128x128x64.uexp" 311
"../../../Engine/Content/EngineMaterials/STBlueNoise_scalar_128x128x64.uasset" 312
"../../../Engine/Content/EngineMaterials/STBlueNoise_scalar_128x128x64.uexp" 313
"../../../Engine/Content/EngineMaterials/RemoveSurfaceMaterial.uasset" 314
"../../../Engine/Content/EngineMaterials/RemoveSurfaceMaterial.uexp" 315
"../../../Engine/Content/EngineMaterials/DefaultCalibrationGrayscale.uasset" 316
"../../../Engine/Content/EngineMaterials/DefaultCalibrationGrayscale.uexp" 317
"../../../Engine/Content/EngineMaterials/PPM_DefaultCalibrationGrayscale.uasset" 318
"../../../Engine/Content/EngineMaterials/PPM_DefaultCalibrationGrayscale.uexp" 319
"../../../Engine/Content/EngineMaterials/DefaultCalibrationColor.uasset" 320
"../../../Engine/Content/EngineMaterials/DefaultCalibrationColor.uexp" 321
"../../../Engine/Content/EngineMaterials/PPM_DefaultCalibrationColor.uasset" 322
"../../../Engine/Content/EngineMaterials/PPM_DefaultCalibrationColor.uexp" 323
"../../../Engine/Content/EngineMaterials/PhAT_JointLimitMaterial.uasset" 324
"../../../Engine/Content/EngineMaterials/PhAT_JointLimitMaterial.uexp" 325
"../../../Engine/Content/EngineMaterials/NaniteHiddenSectionMaterial.uasset" 326
"../../../Engine/Content/EngineMaterials/NaniteHiddenSectionMaterial.uexp" 327
"../../../Engine/Content/EngineMaterials/InvalidLightmapSettings.uasset" 328
"../../../Engine/Content/EngineMaterials/InvalidLightmapSettings.uexp" 329
"../../../Engine/Content/EngineMaterials/M_InvalidLightmapSettings.uasset" 330
"../../../Engine/Content/EngineMaterials/M_InvalidLightmapSettings.uexp" 331
"../../../Engine/Content/EngineMaterials/GizmoMaterial.uasset" 332
"../../../Engine/Content/EngineMaterials/GizmoMaterial.uexp" 333
"../../../Engine/Content/EngineMaterials/BaseFlattenEmissiveMap_VT.uasset" 334
"../../../Engine/Content/EngineMaterials/BaseFlattenEmissiveMap_VT.uexp" 335
"../../../Engine/Content/EngineMaterials/BaseFlattenGrayscaleMap_VT.uasset" 336
"../../../Engine/Content/EngineMaterials/BaseFlattenGrayscaleMap_VT.uexp" 337
"../../../Engine/Content/EngineMaterials/BaseFlattenLinearColor_VT.uasset" 338
"../../../Engine/Content/EngineMaterials/BaseFlattenLinearColor_VT.uexp" 339
"../../../Engine/Content/EngineMaterials/Black_1x1_EXR_Texture_VT.uasset" 340
"../../../Engine/Content/EngineMaterials/Black_1x1_EXR_Texture_VT.uexp" 341
"../../../Engine/Content/EngineMaterials/BaseFlattenDiffuseMap_VT.uasset" 342
"../../../Engine/Content/EngineMaterials/BaseFlattenDiffuseMap_VT.uexp" 343
"../../../Engine/Content/EngineMaterials/BaseFlattenNormalMap_VT.uasset" 344
"../../../Engine/Content/EngineMaterials/BaseFlattenNormalMap_VT.uexp" 345
"../../../Engine/Content/EngineMaterials/FlattenMaterial_WS_Normal_VT.uasset" 346
"../../../Engine/Content/EngineMaterials/FlattenMaterial_WS_Normal_VT.uexp" 347
"../../../Engine/Content/EngineMaterials/FlattenMaterial_VT.uasset" 348
"../../../Engine/Content/EngineMaterials/FlattenMaterial_VT.uexp" 349
"../../../Engine/Content/EngineMaterials/BaseFlattenNormalMap.uasset" 350
"../../../Engine/Content/EngineMaterials/BaseFlattenNormalMap.uexp" 351
"../../../Engine/Content/EngineMaterials/BaseFlattenGrayscaleMap.uasset" 352
"../../../Engine/Content/EngineMaterials/BaseFlattenGrayscaleMap.uexp" 353
"../../../Engine/Content/EngineMaterials/BaseFlattenDiffuseMap.uasset" 354
"../../../Engine/Content/EngineMaterials/BaseFlattenDiffuseMap.uexp" 355
"../../../Engine/Content/Functions/Engine_MaterialFunctions02/PivotPainter2/Black_1x1_EXR_Texture.uasset" 356
"../../../Engine/Content/Functions/Engine_MaterialFunctions02/PivotPainter2/Black_1x1_EXR_Texture.uexp" 357
"../../../Engine/Content/EngineMaterials/BaseFlattenEmissiveMap.uasset" 358
"../../../Engine/Content/EngineMaterials/BaseFlattenEmissiveMap.uexp" 359
"../../../Engine/Content/EngineMaterials/BaseFlattenLinearColor.uasset" 360
"../../../Engine/Content/EngineMaterials/BaseFlattenLinearColor.uexp" 361
"../../../Engine/Content/EngineMaterials/FlattenMaterial.uasset" 362
"../../../Engine/Content/EngineMaterials/FlattenMaterial.uexp" 363
"../../../Engine/Content/EngineMaterials/DefaultWhiteGrid_Low.uasset" 364
"../../../Engine/Content/EngineMaterials/DefaultWhiteGrid_Low.uexp" 365
"../../../Engine/Content/EngineMaterials/EmissiveMeshMaterial.uasset" 366
"../../../Engine/Content/EngineMaterials/EmissiveMeshMaterial.uexp" 367
"../../../Engine/Content/EngineMaterials/DefaultTextMaterialOpaque.uasset" 368
"../../../Engine/Content/EngineMaterials/DefaultTextMaterialOpaque.uexp" 369
"../../../Engine/Content/EngineMaterials/DefaultDiffuse.uasset" 370
"../../../Engine/Content/EngineMaterials/DefaultDiffuse.uexp" 371
"../../../Engine/Content/Functions/Engine_MaterialFunctions02/Utility/BreakOutFloat2Components.uasset" 372
"../../../Engine/Content/Functions/Engine_MaterialFunctions02/Utility/BreakOutFloat2Components.uexp" 373
"../../../Engine/Content/EngineMaterials/DefaultPostProcessMaterial.uasset" 374
"../../../Engine/Content/EngineMaterials/DefaultPostProcessMaterial.uexp" 375
"../../../Engine/Content/EngineMaterials/DefaultPhysicalMaterial.uasset" 376
"../../../Engine/Content/EngineMaterials/DefaultPhysicalMaterial.uexp" 377
"../../../Engine/Content/EngineMaterials/DefaultLightFunctionMaterial.uasset" 378
"../../../Engine/Content/EngineMaterials/DefaultLightFunctionMaterial.uexp" 379
"../../../Engine/Content/EngineMaterials/DefaultDestructiblePhysicalMaterial.uasset" 380
"../../../Engine/Content/EngineMaterials/DefaultDestructiblePhysicalMaterial.uexp" 381
"../../../Engine/Content/EngineMaterials/DefaultDeferredDecalMaterial.uasset" 382
"../../../Engine/Content/EngineMaterials/DefaultDeferredDecalMaterial.uexp" 383
"../../../Engine/Content/EngineMaterials/DefaultBloomKernel.uasset" 384
"../../../Engine/Content/EngineMaterials/DefaultBloomKernel.uexp" 385
"../../../Engine/Content/EngineFonts/Faces/RobotoLight.uexp" 386
"../../../Engine/Content/EngineFonts/Faces/RobotoLight.uasset" 387
"../../../Engine/Content/EngineFonts/Faces/RobotoLight.ufont" 388
"../../../Engine/Content/EngineFonts/Faces/RobotoBold.uexp" 389
"../../../Engine/Content/EngineFonts/Faces/RobotoBold.uasset" 390
"../../../Engine/Content/EngineFonts/Faces/RobotoBold.ufont" 391
"../../../Engine/Content/EngineFonts/Faces/RobotoRegular.uexp" 392
"../../../Engine/Content/EngineFonts/Faces/RobotoRegular.uasset" 393
"../../../Engine/Content/EngineFonts/Faces/RobotoRegular.ufont" 394
"../../../Engine/Content/EngineFonts/Faces/DroidSansFallback.uexp" 395
"../../../Engine/Content/EngineFonts/Faces/DroidSansFallback.uasset" 396
"../../../Engine/Content/EngineFonts/Faces/DroidSansFallback.ufont" 397
"../../../Engine/Content/EngineFonts/Faces/RobotoItalic.uexp" 398
"../../../Engine/Content/EngineFonts/Faces/RobotoItalic.uasset" 399
"../../../Engine/Content/EngineFonts/Faces/RobotoItalic.ufont" 400
"../../../Engine/Content/EngineFonts/Faces/RobotoBoldItalic.uexp" 401
"../../../Engine/Content/EngineFonts/Faces/RobotoBoldItalic.uasset" 402
"../../../Engine/Content/EngineFonts/Faces/RobotoBoldItalic.ufont" 403
"../../../Engine/Content/Functions/Engine_MaterialFunctions02/Utility/CameraDirectionVector.uasset" 404
"../../../Engine/Content/Functions/Engine_MaterialFunctions02/Utility/CameraDirectionVector.uexp" 405
"../../../Engine/Content/EngineDebugMaterials/VolumeToRender.uasset" 406
"../../../Engine/Content/EngineDebugMaterials/VolumeToRender.uexp" 407
"../../../Engine/Content/EngineDebugMaterials/M_VolumeRenderSphereTracePP.uasset" 408
"../../../Engine/Content/EngineDebugMaterials/M_VolumeRenderSphereTracePP.uexp" 409
"../../../Engine/Content/EngineDebugMaterials/M_SimpleUnlitTranslucent.uasset" 410
"../../../Engine/Content/EngineDebugMaterials/M_SimpleUnlitTranslucent.uexp" 411
"../../../Engine/Content/EngineDebugMaterials/DebugMeshMaterial.uasset" 412
"../../../Engine/Content/EngineDebugMaterials/DebugMeshMaterial.uexp" 413
"../../../Engine/Content/EngineDebugMaterials/DebugEditorMaterial.uasset" 414
"../../../Engine/Content/EngineDebugMaterials/DebugEditorMaterial.uexp" 415
"../../../Engine/Content/EngineDamageTypes/DmgTypeBP_Environmental.uasset" 416
"../../../Engine/Content/EngineDamageTypes/DmgTypeBP_Environmental.uexp" 417
"../../../Engine/Content/EditorResources/S_Terrain.uasset" 418
"../../../Engine/Content/EditorResources/S_Terrain.uexp" 419
"../../../Engine/Content/EditorResources/EmptyActor.uasset" 420
"../../../Engine/Content/EditorResources/EmptyActor.uexp" 421
"../../../Engine/Content/EditorResources/BSPVertex.uasset" 422
"../../../Engine/Content/EditorResources/BSPVertex.uexp" 423
"../../../Engine/Content/EditorLandscapeResources/DefaultAlphaTexture.uasset" 424
"../../../Engine/Content/EditorLandscapeResources/DefaultAlphaTexture.uexp" 425
"../../../Engine/Content/EditorLandscapeResources/DataLayer.uasset" 426
"../../../Engine/Content/EditorLandscapeResources/DataLayer.uexp" 427
"../../../Engine/Content/EngineMaterials/DefaultMaterial.uasset" 428
"../../../Engine/Content/EngineMaterials/DefaultMaterial.uexp" 429
"../../../Engine/Content/BasicShapes/Sphere.uasset" 430
"../../../Engine/Content/BasicShapes/Sphere.uexp" 431
"../../../Engine/Content/BasicShapes/Plane.uasset" 432
"../../../Engine/Content/BasicShapes/Plane.uexp" 433
"../../../Engine/Content/BasicShapes/Cylinder.uasset" 434
"../../../Engine/Content/BasicShapes/Cylinder.uexp" 435
"../../../Engine/Content/BasicShapes/Cube.uasset" 436
"../../../Engine/Content/BasicShapes/Cube.uexp" 437
"../../../Engine/Content/BasicShapes/Cone.uasset" 438
"../../../Engine/Content/BasicShapes/Cone.uexp" 439
"D:/Unreal/LostWaves/Content/LevelPrototyping/Textures/T_GridChecker_A.uasset" 440
"D:/Unreal/LostWaves/Content/LevelPrototyping/Textures/T_GridChecker_A.uexp" 441
"../../../Engine/Content/Functions/Engine_MaterialFunctions02/Utility/MakeFloat3.uasset" 442
"../../../Engine/Content/Functions/Engine_MaterialFunctions02/Utility/MakeFloat3.uexp" 443
"../../../Engine/Content/Functions/Engine_MaterialFunctions01/Gradient/LinearGradient.uasset" 444
"../../../Engine/Content/Functions/Engine_MaterialFunctions01/Gradient/LinearGradient.uexp" 445
"../../../Engine/Content/Functions/Engine_MaterialFunctions01/ImageAdjustment/CheapContrast.uasset" 446
"../../../Engine/Content/Functions/Engine_MaterialFunctions01/ImageAdjustment/CheapContrast.uexp" 447
"D:/Unreal/LostWaves/Content/LevelPrototyping/Materials/MF_ProcGrid.uasset" 448
"D:/Unreal/LostWaves/Content/LevelPrototyping/Materials/MF_ProcGrid.uexp" 449
"D:/Unreal/LostWaves/Content/LevelPrototyping/Materials/M_PrototypeGrid.uasset" 450
"D:/Unreal/LostWaves/Content/LevelPrototyping/Materials/M_PrototypeGrid.uexp" 451
"D:/Unreal/LostWaves/Content/LevelPrototyping/Materials/MI_PrototypeGrid_Gray.uasset" 452
"D:/Unreal/LostWaves/Content/LevelPrototyping/Materials/MI_PrototypeGrid_Gray.uexp" 453
"D:/Unreal/LostWaves/Content/LevelPrototyping/Meshes/SM_Ramp.uasset" 454
"D:/Unreal/LostWaves/Content/LevelPrototyping/Meshes/SM_Ramp.uexp" 455
"D:/Unreal/LostWaves/Content/LevelPrototyping/Meshes/SM_QuarterCylinder.uasset" 456
"D:/Unreal/LostWaves/Content/LevelPrototyping/Meshes/SM_QuarterCylinder.uexp" 457
"D:/Unreal/LostWaves/Content/LevelPrototyping/Meshes/SM_Cube.uasset" 458
"D:/Unreal/LostWaves/Content/LevelPrototyping/Meshes/SM_Cube.uexp" 459
"D:/Unreal/LostWaves/Content/LevelPrototyping/Materials/M_Solid.uasset" 460
"D:/Unreal/LostWaves/Content/LevelPrototyping/Materials/M_Solid.uexp" 461
"D:/Unreal/LostWaves/Content/LevelPrototyping/Materials/MI_Solid_Blue.uasset" 462
"D:/Unreal/LostWaves/Content/LevelPrototyping/Materials/MI_Solid_Blue.uexp" 463
"D:/Unreal/LostWaves/Content/LevelPrototyping/Meshes/SM_ChamferCube.uasset" 464
"D:/Unreal/LostWaves/Content/LevelPrototyping/Meshes/SM_ChamferCube.uexp" 465
"../../../Engine/Content/MobileResources/HUD/VirtualJoystick_Background.uasset" 466
"../../../Engine/Content/MobileResources/HUD/VirtualJoystick_Background.uexp" 467
"../../../Engine/Content/MobileResources/HUD/VirtualJoystick_Thumb.uasset" 468
"../../../Engine/Content/MobileResources/HUD/VirtualJoystick_Thumb.uexp" 469
"../../../Engine/Content/MobileResources/HUD/DefaultVirtualJoysticks.uasset" 470
"../../../Engine/Content/MobileResources/HUD/DefaultVirtualJoysticks.uexp" 471
"../../../Engine/Content/EngineSky/VolumetricClouds/CloudWeatherTexture.uasset" 472
"../../../Engine/Content/EngineSky/VolumetricClouds/CloudWeatherTexture.uexp" 473
"../../../Engine/Content/Functions/Engine_MaterialFunctions02/Utility/MakeFloat2.uasset" 474
"../../../Engine/Content/Functions/Engine_MaterialFunctions02/Utility/MakeFloat2.uexp" 475
"../../../Engine/Content/EngineSky/VolumetricClouds/CloudGradientTexture.uasset" 476
"../../../Engine/Content/EngineSky/VolumetricClouds/CloudGradientTexture.uexp" 477
"../../../Engine/Content/EngineSky/VolumetricClouds/T_NoiseShape64.uasset" 478
"../../../Engine/Content/EngineSky/VolumetricClouds/T_NoiseShape64.uexp" 479
"../../../Engine/Content/EngineSky/VolumetricClouds/T_VolumeNoiseShape64.uasset" 480
"../../../Engine/Content/EngineSky/VolumetricClouds/T_VolumeNoiseShape64.uexp" 481
"../../../Engine/Content/EngineSky/VolumetricClouds/T_NoiseErosion.uasset" 482
"../../../Engine/Content/EngineSky/VolumetricClouds/T_NoiseErosion.uexp" 483
"../../../Engine/Content/EngineSky/VolumetricClouds/T_VolumeNoiseErosion32.uasset" 484
"../../../Engine/Content/EngineSky/VolumetricClouds/T_VolumeNoiseErosion32.uexp" 485
"../../../Engine/Content/EngineSky/VolumetricClouds/m_SimpleVolumetricCloud.uasset" 486
"../../../Engine/Content/EngineSky/VolumetricClouds/m_SimpleVolumetricCloud.uexp" 487
"../../../Engine/Content/EngineSky/VolumetricClouds/m_SimpleVolumetricCloud_Inst.uasset" 488
"../../../Engine/Content/EngineSky/VolumetricClouds/m_SimpleVolumetricCloud_Inst.uexp" 489
"../../../Engine/Content/EngineResources/FilmGrains/Marcie_Grain_v3_128_M2_000.uasset" 490
"../../../Engine/Content/EngineResources/FilmGrains/Marcie_Grain_v3_128_M2_000.uexp" 491
"../../../Engine/Content/EditorResources/SequenceRecorder/RecordingIndicator.uasset" 492
"../../../Engine/Content/EditorResources/SequenceRecorder/RecordingIndicator.uexp" 493
"../../../Engine/Content/EditorResources/SequenceRecorder/Countdown.uasset" 494
"../../../Engine/Content/EditorResources/SequenceRecorder/Countdown.uexp" 495
"D:/Unreal/LostWaves/Content/Characters/Mannequins/Meshes/SK_Mannequin.uasset" 496
"D:/Unreal/LostWaves/Content/Characters/Mannequins/Meshes/SK_Mannequin.uexp" 497
"D:/Unreal/LostWaves/Content/Characters/Mannequins/Textures/Quinn/T_Quinn_02ID_MSR_MSK.uasset" 498
"D:/Unreal/LostWaves/Content/Characters/Mannequins/Textures/Quinn/T_Quinn_02ID_MSR_MSK.uexp" 499
"D:/Unreal/LostWaves/Content/Characters/Mannequins/Textures/Quinn/T_Quinn_02ID_BN.uasset" 500
"D:/Unreal/LostWaves/Content/Characters/Mannequins/Textures/Quinn/T_Quinn_02ID_BN.uexp" 501
"D:/Unreal/LostWaves/Content/Characters/Mannequins/Textures/Quinn/T_Quinn_02_ASAOMASK_MSK.uasset" 502
"D:/Unreal/LostWaves/Content/Characters/Mannequins/Textures/Quinn/T_Quinn_02_ASAOMASK_MSK.uexp" 503
"D:/Unreal/LostWaves/Content/Characters/Mannequins/Textures/Quinn/T_Quinn_02_CCRCCPlastic_MSK.uasset" 504
"D:/Unreal/LostWaves/Content/Characters/Mannequins/Textures/Quinn/T_Quinn_02_CCRCCPlastic_MSK.uexp" 505
"D:/Unreal/LostWaves/Content/Characters/Mannequins/Textures/Quinn/T_Quinn_02ID_Tan.uasset" 506
"D:/Unreal/LostWaves/Content/Characters/Mannequins/Textures/Quinn/T_Quinn_02ID_Tan.uexp" 507
"D:/Unreal/LostWaves/Content/Characters/Mannequins/Textures/Quinn/T_Quinn_02ID_D.uasset" 508
"D:/Unreal/LostWaves/Content/Characters/Mannequins/Textures/Quinn/T_Quinn_02ID_D.uexp" 509
"D:/Unreal/LostWaves/Content/Characters/Mannequins/Textures/Quinn/T_Quinn_01ID_MSR_MSK.uasset" 510
"D:/Unreal/LostWaves/Content/Characters/Mannequins/Textures/Quinn/T_Quinn_01ID_MSR_MSK.uexp" 511
"D:/Unreal/LostWaves/Content/Characters/Mannequins/Materials/Functions/ChromaticCurve.uasset" 512
"D:/Unreal/LostWaves/Content/Characters/Mannequins/Materials/Functions/ChromaticCurve.uexp" 513
"D:/Unreal/LostWaves/Content/Characters/Mannequins/Materials/Functions/CA_Mannequin.uasset" 514
"D:/Unreal/LostWaves/Content/Characters/Mannequins/Materials/Functions/CA_Mannequin.uexp" 515
"D:/Unreal/LostWaves/Content/Characters/Mannequins/Materials/Functions/MF_Diffraction.uasset" 516
"D:/Unreal/LostWaves/Content/Characters/Mannequins/Materials/Functions/MF_Diffraction.uexp" 517
"D:/Unreal/LostWaves/Content/Characters/Mannequins/Textures/Manny/T_Manny_01_N.uasset" 518
"D:/Unreal/LostWaves/Content/Characters/Mannequins/Textures/Manny/T_Manny_01_N.uexp" 519
"D:/Unreal/LostWaves/Content/Characters/Mannequins/Materials/Functions/ML_BaseColorFallOff.uasset" 520
"D:/Unreal/LostWaves/Content/Characters/Mannequins/Materials/Functions/ML_BaseColorFallOff.uexp" 521
"../../../Engine/Content/Functions/Engine_MaterialFunctions01/Texturing/ScaleUVsByCenter.uasset" 522
"../../../Engine/Content/Functions/Engine_MaterialFunctions01/Texturing/ScaleUVsByCenter.uexp" 523
"D:/Unreal/LostWaves/Content/Characters/Mannequins/Textures/Shared/T_UE_Logo_M.uasset" 524
"D:/Unreal/LostWaves/Content/Characters/Mannequins/Textures/Shared/T_UE_Logo_M.uexp" 525
"D:/Unreal/LostWaves/Content/Characters/Mannequins/Materials/Functions/MF_logo3layers.uasset" 526
"D:/Unreal/LostWaves/Content/Characters/Mannequins/Materials/Functions/MF_logo3layers.uexp" 527
"D:/Unreal/LostWaves/Content/Characters/Mannequins/Textures/Manny/T_Manny_01_CCRCCPlastic_MSK.uasset" 528
"D:/Unreal/LostWaves/Content/Characters/Mannequins/Textures/Manny/T_Manny_01_CCRCCPlastic_MSK.uexp" 529
"D:/Unreal/LostWaves/Content/Characters/Mannequins/Textures/Manny/T_Manny_01_ASAOPMASK_MSK.uasset" 530
"D:/Unreal/LostWaves/Content/Characters/Mannequins/Textures/Manny/T_Manny_01_ASAOPMASK_MSK.uexp" 531
"D:/Unreal/LostWaves/Content/Characters/Mannequins/Textures/Manny/T_Manny_01_MSR_MSK.uasset" 532
"D:/Unreal/LostWaves/Content/Characters/Mannequins/Textures/Manny/T_Manny_01_MSR_MSK.uexp" 533
"D:/Unreal/LostWaves/Content/Characters/Mannequins/Textures/Manny/T_Manny_01_BN.uasset" 534
"D:/Unreal/LostWaves/Content/Characters/Mannequins/Textures/Manny/T_Manny_01_BN.uexp" 535
"D:/Unreal/LostWaves/Content/Characters/Mannequins/Textures/Manny/T_Manny_01_D.uasset" 536
"D:/Unreal/LostWaves/Content/Characters/Mannequins/Textures/Manny/T_Manny_01_D.uexp" 537
"D:/Unreal/LostWaves/Content/Characters/Mannequins/Textures/Manny/T_Manny_01_Tan.uasset" 538
"D:/Unreal/LostWaves/Content/Characters/Mannequins/Textures/Manny/T_Manny_01_Tan.uexp" 539
"D:/Unreal/LostWaves/Content/Characters/Mannequins/Materials/M_Mannequin.uasset" 540
"D:/Unreal/LostWaves/Content/Characters/Mannequins/Materials/M_Mannequin.uexp" 541
"D:/Unreal/LostWaves/Content/Characters/Mannequins/Textures/Quinn/T_Quinn_01_ASAOMASK_MSK.uasset" 542
"D:/Unreal/LostWaves/Content/Characters/Mannequins/Textures/Quinn/T_Quinn_01_ASAOMASK_MSK.uexp" 543
"D:/Unreal/LostWaves/Content/Characters/Mannequins/Textures/Quinn/T_Quinn_01ID_N.uasset" 544
"D:/Unreal/LostWaves/Content/Characters/Mannequins/Textures/Quinn/T_Quinn_01ID_N.uexp" 545
"D:/Unreal/LostWaves/Content/Characters/Mannequins/Textures/Quinn/T_Quinn_01ID_BN.uasset" 546
"D:/Unreal/LostWaves/Content/Characters/Mannequins/Textures/Quinn/T_Quinn_01ID_BN.uexp" 547
"D:/Unreal/LostWaves/Content/Characters/Mannequins/Textures/Quinn/T_Quinn_01ID_D.uasset" 548
"D:/Unreal/LostWaves/Content/Characters/Mannequins/Textures/Quinn/T_Quinn_01ID_D.uexp" 549
"D:/Unreal/LostWaves/Content/Characters/Mannequins/Textures/Quinn/T_Quinn_01ID_Tan.uasset" 550
"D:/Unreal/LostWaves/Content/Characters/Mannequins/Textures/Quinn/T_Quinn_01ID_Tan.uexp" 551
"D:/Unreal/LostWaves/Content/Characters/Mannequins/Textures/Quinn/T_Quinn_01_CCRCCPlastic_MSK.uasset" 552
"D:/Unreal/LostWaves/Content/Characters/Mannequins/Textures/Quinn/T_Quinn_01_CCRCCPlastic_MSK.uexp" 553
"D:/Unreal/LostWaves/Content/Characters/Mannequins/Materials/Instances/Quinn/MI_Quinn_01.uasset" 554
"D:/Unreal/LostWaves/Content/Characters/Mannequins/Materials/Instances/Quinn/MI_Quinn_01.uexp" 555
"D:/Unreal/LostWaves/Content/Characters/Mannequins/Textures/Quinn/T_Quinn_02ID_N.uasset" 556
"D:/Unreal/LostWaves/Content/Characters/Mannequins/Textures/Quinn/T_Quinn_02ID_N.uexp" 557
"D:/Unreal/LostWaves/Content/Characters/Mannequins/Materials/Instances/Quinn/MI_Quinn_02.uasset" 558
"D:/Unreal/LostWaves/Content/Characters/Mannequins/Materials/Instances/Quinn/MI_Quinn_02.uexp" 559
"D:/Unreal/LostWaves/Content/Characters/Mannequins/Rigs/PA_Mannequin.uasset" 560
"D:/Unreal/LostWaves/Content/Characters/Mannequins/Rigs/PA_Mannequin.uexp" 561
"D:/Unreal/LostWaves/Content/Characters/Mannequins/Meshes/SKM_Quinn_Simple.uasset" 562
"D:/Unreal/LostWaves/Content/Characters/Mannequins/Meshes/SKM_Quinn_Simple.uexp" 563
"D:/Unreal/LostWaves/Content/ThirdPerson/Input/Actions/IA_Jump.uasset" 564
"D:/Unreal/LostWaves/Content/ThirdPerson/Input/Actions/IA_Jump.uexp" 565
"D:/Unreal/LostWaves/Content/ThirdPerson/Input/Actions/IA_Look.uasset" 566
"D:/Unreal/LostWaves/Content/ThirdPerson/Input/Actions/IA_Look.uexp" 567
"D:/Unreal/LostWaves/Content/ThirdPerson/Input/Actions/IA_Move.uasset" 568
"D:/Unreal/LostWaves/Content/ThirdPerson/Input/Actions/IA_Move.uexp" 569
"D:/Unreal/LostWaves/Content/ThirdPerson/Input/IMC_Default.uasset" 570
"D:/Unreal/LostWaves/Content/ThirdPerson/Input/IMC_Default.uexp" 571
"../../../Engine/Content/Animation/DefaultAnimCurveCompressionSettings.uasset" 572
"../../../Engine/Content/Animation/DefaultAnimCurveCompressionSettings.uexp" 573
"../../../Engine/Content/Animation/DefaultAnimBoneCompressionSettings.uasset" 574
"../../../Engine/Content/Animation/DefaultAnimBoneCompressionSettings.uexp" 575
"D:/Unreal/LostWaves/Content/Characters/Mannequins/Animations/Quinn/MF_Run_Fwd.uasset" 576
"D:/Unreal/LostWaves/Content/Characters/Mannequins/Animations/Quinn/MF_Run_Fwd.uexp" 577
"D:/Unreal/LostWaves/Content/Characters/Mannequins/Animations/Quinn/MF_Walk_Fwd.uasset" 578
"D:/Unreal/LostWaves/Content/Characters/Mannequins/Animations/Quinn/MF_Walk_Fwd.uexp" 579
"../../../Engine/Content/Animation/DefaultRecorderBoneCompression.uasset" 580
"../../../Engine/Content/Animation/DefaultRecorderBoneCompression.uexp" 581
"D:/Unreal/LostWaves/Content/Characters/Mannequins/Animations/Manny/MM_Walk_InPlace.uasset" 582
"D:/Unreal/LostWaves/Content/Characters/Mannequins/Animations/Manny/MM_Walk_InPlace.uexp" 583
"D:/Unreal/LostWaves/Content/Characters/Mannequins/Animations/Quinn/BS_MF_Unarmed_WalkRun.uasset" 584
"D:/Unreal/LostWaves/Content/Characters/Mannequins/Animations/Quinn/BS_MF_Unarmed_WalkRun.uexp" 585
"D:/Unreal/LostWaves/Content/Characters/Mannequins/Animations/Quinn/MF_Idle.uasset" 586
"D:/Unreal/LostWaves/Content/Characters/Mannequins/Animations/Quinn/MF_Idle.uexp" 587
"D:/Unreal/LostWaves/Content/Characters/Mannequins/Animations/Manny/MM_Fall_Loop.uasset" 588
"D:/Unreal/LostWaves/Content/Characters/Mannequins/Animations/Manny/MM_Fall_Loop.uexp" 589
"D:/Unreal/LostWaves/Content/Characters/Mannequins/Animations/Manny/MM_Jump.uasset" 590
"D:/Unreal/LostWaves/Content/Characters/Mannequins/Animations/Manny/MM_Jump.uexp" 591
"../../../Engine/Plugins/Animation/ControlRig/Content/Controls/DefaultGizmoLibrary.uasset" 592
"../../../Engine/Plugins/Animation/ControlRig/Content/Controls/DefaultGizmoLibrary.uexp" 593
"D:/Unreal/LostWaves/Content/Characters/Mannequins/Rigs/CR_Mannequin_BasicFootIK.uasset" 594
"D:/Unreal/LostWaves/Content/Characters/Mannequins/Rigs/CR_Mannequin_BasicFootIK.uexp" 595
"D:/Unreal/LostWaves/Content/Characters/Mannequins/Animations/Manny/MM_Run_Fwd.uasset" 596
"D:/Unreal/LostWaves/Content/Characters/Mannequins/Animations/Manny/MM_Run_Fwd.uexp" 597
"D:/Unreal/LostWaves/Content/Characters/Mannequins/Animations/Manny/MM_Walk_Fwd.uasset" 598
"D:/Unreal/LostWaves/Content/Characters/Mannequins/Animations/Manny/MM_Walk_Fwd.uexp" 599
"D:/Unreal/LostWaves/Content/Characters/Mannequins/Animations/Manny/BS_MM_WalkRun.uasset" 600
"D:/Unreal/LostWaves/Content/Characters/Mannequins/Animations/Manny/BS_MM_WalkRun.uexp" 601
"D:/Unreal/LostWaves/Content/Characters/Mannequins/Animations/Manny/MM_Land.uasset" 602
"D:/Unreal/LostWaves/Content/Characters/Mannequins/Animations/Manny/MM_Land.uexp" 603
"D:/Unreal/LostWaves/Content/Characters/Mannequins/Animations/Manny/MM_Idle.uasset" 604
"D:/Unreal/LostWaves/Content/Characters/Mannequins/Animations/Manny/MM_Idle.uexp" 605
"D:/Unreal/LostWaves/Content/Characters/Mannequins/Animations/ABP_Manny.uasset" 606
"D:/Unreal/LostWaves/Content/Characters/Mannequins/Animations/ABP_Manny.uexp" 607
"D:/Unreal/LostWaves/Content/Characters/Mannequins/Animations/ABP_Quinn.uasset" 608
"D:/Unreal/LostWaves/Content/Characters/Mannequins/Animations/ABP_Quinn.uexp" 609
"D:/Unreal/LostWaves/Content/ThirdPerson/Blueprints/BP_ThirdPersonCharacter.uasset" 610
"D:/Unreal/LostWaves/Content/ThirdPerson/Blueprints/BP_ThirdPersonCharacter.uexp" 611
"D:/Unreal/LostWaves/Content/LevelPrototyping/Materials/MI_PrototypeGrid_TopDark.uasset" 612
"D:/Unreal/LostWaves/Content/LevelPrototyping/Materials/MI_PrototypeGrid_TopDark.uexp" 613
"../../../Engine/Content/Maps/Templates/HLODs/HLODLayer_Merged.uasset" 614
"../../../Engine/Content/Maps/Templates/HLODs/HLODLayer_Merged.uexp" 615
"../../../Engine/Content/Functions/Engine_MaterialFunctions01/Shading/PowerToRoughness.uasset" 616
"../../../Engine/Content/Functions/Engine_MaterialFunctions01/Shading/PowerToRoughness.uexp" 617
"../../../Engine/Content/Functions/Engine_MaterialFunctions01/Shading/ConvertFromDiffSpec.uasset" 618
"../../../Engine/Content/Functions/Engine_MaterialFunctions01/Shading/ConvertFromDiffSpec.uexp" 619
"../../../Engine/Content/Maps/Templates/HLODs/HLODLayer_Instanced.uasset" 620
"../../../Engine/Content/Maps/Templates/HLODs/HLODLayer_Instanced.uexp" 621
"D:/Unreal/LostWaves/Content/Level/Level_Test.uexp" 622
"D:/Unreal/LostWaves/Content/Level/Level_Test.umap" 623
"D:/Unreal/LostWaves/Content/Texture/T_Popup_Bg.uasset" 624
"D:/Unreal/LostWaves/Content/Texture/T_Popup_Bg.uexp" 625
"D:/Unreal/LostWaves/Content/Texture/T_Logo_Big.uasset" 626
"D:/Unreal/LostWaves/Content/Texture/T_Logo_Big.uexp" 627
"D:/Unreal/LostWaves/Content/Texture/T_Google_Logo.uasset" 628
"D:/Unreal/LostWaves/Content/Texture/T_Google_Logo.uexp" 629
"D:/Unreal/LostWaves/Content/Texture/T_Btn_On.uasset" 630
"D:/Unreal/LostWaves/Content/Texture/T_Btn_On.uexp" 631
"D:/Unreal/LostWaves/Content/Font/Pretendard-Regular.uexp" 632
"D:/Unreal/LostWaves/Content/Font/Pretendard-Regular.uasset" 633
"D:/Unreal/LostWaves/Content/Font/Pretendard-Regular.ufont" 634
"D:/Unreal/LostWaves/Content/Texture/T_Login_BG.uasset" 635
"D:/Unreal/LostWaves/Content/Texture/T_Login_BG.uexp" 636
"D:/Unreal/LostWaves/Content/Texture/T_Guest_Logo.uasset" 637
"D:/Unreal/LostWaves/Content/Texture/T_Guest_Logo.uexp" 638
"D:/Unreal/LostWaves/Content/Texture/T_Btn_Off.uasset" 639
"D:/Unreal/LostWaves/Content/Texture/T_Btn_Off.uexp" 640
"D:/Unreal/LostWaves/Content/Blueprint/UI/WBP_Login.uasset" 641
"D:/Unreal/LostWaves/Content/Blueprint/UI/WBP_Login.uexp" 642
"D:/Unreal/LostWaves/Content/Blueprint/Game/BP_LoginPlayerController.uasset" 643
"D:/Unreal/LostWaves/Content/Blueprint/Game/BP_LoginPlayerController.uexp" 644
"D:/Unreal/LostWaves/Content/Blueprint/Game/BP_LoginGameMode.uasset" 645
"D:/Unreal/LostWaves/Content/Blueprint/Game/BP_LoginGameMode.uexp" 646
"D:/Unreal/LostWaves/Content/Level/Level_Login.uexp" 647
"D:/Unreal/LostWaves/Content/Level/Level_Login.umap" 648
